Archive member included to satisfy reference by file (symbol)

C:/Users/usada/.pico-sdk/toolchain/14_2_Rel1/bin/../lib/gcc/arm-none-eabi/14.2.1/thumb/v6-m/nofp\libgcc.a(_dvmd_tls.o)
                              CMakeFiles/2PORTmonitor.dir/C_/Users/usada/.pico-sdk/sdk/2.2.0/src/rp2_common/pico_divider/divider_hardware.S.obj (__aeabi_idiv0)
C:/Users/usada/.pico-sdk/toolchain/14_2_Rel1/bin/../lib/gcc/arm-none-eabi/14.2.1/thumb/v6-m/nofp\libg.a(libc_a-calloc.o)
                              CMakeFiles/2PORTmonitor.dir/C_/Users/usada/.pico-sdk/sdk/2.2.0/src/rp2_common/pico_malloc/malloc.c.obj (calloc)
C:/Users/usada/.pico-sdk/toolchain/14_2_Rel1/bin/../lib/gcc/arm-none-eabi/14.2.1/thumb/v6-m/nofp\libg.a(libc_a-callocr.o)
                              C:/Users/usada/.pico-sdk/toolchain/14_2_Rel1/bin/../lib/gcc/arm-none-eabi/14.2.1/thumb/v6-m/nofp\libg.a(libc_a-calloc.o) (_calloc_r)
C:/Users/usada/.pico-sdk/toolchain/14_2_Rel1/bin/../lib/gcc/arm-none-eabi/14.2.1/thumb/v6-m/nofp\libg.a(libc_a-malloc.o)
                              CMakeFiles/2PORTmonitor.dir/C_/Users/usada/.pico-sdk/sdk/2.2.0/src/rp2_common/pico_malloc/malloc.c.obj (malloc)
C:/Users/usada/.pico-sdk/toolchain/14_2_Rel1/bin/../lib/gcc/arm-none-eabi/14.2.1/thumb/v6-m/nofp\libg.a(libc_a-mallocr.o)
                              C:/Users/usada/.pico-sdk/toolchain/14_2_Rel1/bin/../lib/gcc/arm-none-eabi/14.2.1/thumb/v6-m/nofp\libg.a(libc_a-callocr.o) (_malloc_r)
C:/Users/usada/.pico-sdk/toolchain/14_2_Rel1/bin/../lib/gcc/arm-none-eabi/14.2.1/thumb/v6-m/nofp\libg.a(libc_a-mlock.o)
                              C:/Users/usada/.pico-sdk/toolchain/14_2_Rel1/bin/../lib/gcc/arm-none-eabi/14.2.1/thumb/v6-m/nofp\libg.a(libc_a-mallocr.o) (__malloc_lock)
C:/Users/usada/.pico-sdk/toolchain/14_2_Rel1/bin/../lib/gcc/arm-none-eabi/14.2.1/thumb/v6-m/nofp\libg.a(libc_a-realloc.o)
                              CMakeFiles/2PORTmonitor.dir/C_/Users/usada/.pico-sdk/sdk/2.2.0/src/rp2_common/pico_malloc/malloc.c.obj (realloc)
C:/Users/usada/.pico-sdk/toolchain/14_2_Rel1/bin/../lib/gcc/arm-none-eabi/14.2.1/thumb/v6-m/nofp\libg.a(libc_a-reallocr.o)
                              C:/Users/usada/.pico-sdk/toolchain/14_2_Rel1/bin/../lib/gcc/arm-none-eabi/14.2.1/thumb/v6-m/nofp\libg.a(libc_a-realloc.o) (_realloc_r)
C:/Users/usada/.pico-sdk/toolchain/14_2_Rel1/bin/../lib/gcc/arm-none-eabi/14.2.1/thumb/v6-m/nofp\libg.a(libc_a-memcmp.o)
                              CMakeFiles/2PORTmonitor.dir/C_/Users/usada/.pico-sdk/sdk/2.2.0/src/rp2_common/pico_atomic/atomic.c.obj (memcmp)
C:/Users/usada/.pico-sdk/toolchain/14_2_Rel1/bin/../lib/gcc/arm-none-eabi/14.2.1/thumb/v6-m/nofp\libg.a(libc_a-memmove.o)
                              C:/Users/usada/.pico-sdk/toolchain/14_2_Rel1/bin/../lib/gcc/arm-none-eabi/14.2.1/thumb/v6-m/nofp\libg.a(libc_a-reallocr.o) (memmove)
C:/Users/usada/.pico-sdk/toolchain/14_2_Rel1/bin/../lib/gcc/arm-none-eabi/14.2.1/thumb/v6-m/nofp\libg.a(libc_a-lcltime_r.o)
                              CMakeFiles/2PORTmonitor.dir/C_/Users/usada/.pico-sdk/sdk/2.2.0/src/common/pico_util/datetime.c.obj (localtime_r)
C:/Users/usada/.pico-sdk/toolchain/14_2_Rel1/bin/../lib/gcc/arm-none-eabi/14.2.1/thumb/v6-m/nofp\libg.a(libc_a-mktime.o)
                              CMakeFiles/2PORTmonitor.dir/C_/Users/usada/.pico-sdk/sdk/2.2.0/src/common/pico_util/datetime.c.obj (mktime)
C:/Users/usada/.pico-sdk/toolchain/14_2_Rel1/bin/../lib/gcc/arm-none-eabi/14.2.1/thumb/v6-m/nofp\libg.a(libc_a-month_lengths.o)
                              C:/Users/usada/.pico-sdk/toolchain/14_2_Rel1/bin/../lib/gcc/arm-none-eabi/14.2.1/thumb/v6-m/nofp\libg.a(libc_a-lcltime_r.o) (__month_lengths)
C:/Users/usada/.pico-sdk/toolchain/14_2_Rel1/bin/../lib/gcc/arm-none-eabi/14.2.1/thumb/v6-m/nofp\libg.a(libc_a-tzcalc_limits.o)
                              C:/Users/usada/.pico-sdk/toolchain/14_2_Rel1/bin/../lib/gcc/arm-none-eabi/14.2.1/thumb/v6-m/nofp\libg.a(libc_a-lcltime_r.o) (__tzcalc_limits)
C:/Users/usada/.pico-sdk/toolchain/14_2_Rel1/bin/../lib/gcc/arm-none-eabi/14.2.1/thumb/v6-m/nofp\libg.a(libc_a-tzlock.o)
                              C:/Users/usada/.pico-sdk/toolchain/14_2_Rel1/bin/../lib/gcc/arm-none-eabi/14.2.1/thumb/v6-m/nofp\libg.a(libc_a-lcltime_r.o) (__tz_lock)
C:/Users/usada/.pico-sdk/toolchain/14_2_Rel1/bin/../lib/gcc/arm-none-eabi/14.2.1/thumb/v6-m/nofp\libg.a(libc_a-tzset.o)
                              C:/Users/usada/.pico-sdk/toolchain/14_2_Rel1/bin/../lib/gcc/arm-none-eabi/14.2.1/thumb/v6-m/nofp\libg.a(libc_a-lcltime_r.o) (_tzset_unlocked)
C:/Users/usada/.pico-sdk/toolchain/14_2_Rel1/bin/../lib/gcc/arm-none-eabi/14.2.1/thumb/v6-m/nofp\libg.a(libc_a-tzset_r.o)
                              C:/Users/usada/.pico-sdk/toolchain/14_2_Rel1/bin/../lib/gcc/arm-none-eabi/14.2.1/thumb/v6-m/nofp\libg.a(libc_a-tzset.o) (_tzset_unlocked_r)
C:/Users/usada/.pico-sdk/toolchain/14_2_Rel1/bin/../lib/gcc/arm-none-eabi/14.2.1/thumb/v6-m/nofp\libg.a(libc_a-tzvars.o)
[...]
Memory Configuration

Name             Origin             Length             Attributes
FLASH            0x10000000         0x00200000         xr
RAM              0x20000000         0x00040000         xrw
SCRATCH_X        0x20040000         0x00001000         xrw
SCRATCH_Y        0x20041000         0x00001000         xrw
*default*        0x00000000         0xffffffff

Linker script and memory map

LOAD C:/Users/usada/.pico-sdk/toolchain/14_2_Rel1/bin/../lib/gcc/arm-none-eabi/14.2.1/thumb/v6-m/nofp/crti.o
LOAD C:/Users/usada/.pico-sdk/toolchain/14_2_Rel1/bin/../lib/gcc/arm-none-eabi/14.2.1/thumb/v6-m/nofp/crtbegin.o
LOAD C:/Users/usada/.pico-sdk/toolchain/14_2_Rel1/bin/../lib/gcc/arm-none-eabi/14.2.1/thumb/v6-m/nofp/crt0.o

.flash_begin    0x10000000        0x0
                0x10000000                        __flash_binary_start = .

.boot2          0x10000000      0x100
                0x10000000                        __boot2_start__ = .
 *(.boot2)
 .boot2         0x10000000      0x100 pico-sdk/src/rp2040/boot_stage2/CMakeFiles/bs2_default_library.dir/./bs2_default_padded_checksummed.S.obj
                0x10000100                        __boot2_end__ = .
                0x00000001                        ASSERT (((__boot2_end__ - __boot2_start__) == 0x100), ERROR: Pico second stage bootloader must be 256 bytes in size)

.text           0x10000100     0x768c
                0x10000100                        __logical_binary_start = .
 *(.vectors)
 .vectors       0x10000100       0xd4 CMakeFiles/2PORTmonitor.dir/C_/Users/usada/.pico-sdk/sdk/2.2.0/src/rp2_common/pico_crt0/crt0.S.obj
                0x10000100                __VECTOR_TABLE
                0x10000100                __vectors
                0x100001c0                isr_irq13
                0x100001c0                isr_irq27
                0x100001c0                isr_irq31
                0x100001c0                isr_irq12
                0x100001c0                isr_irq5
                0x100001c0                isr_irq11
                0x100001c0                isr_irq3
                0x100001c0                isr_irq23
                0x100001c0                __unhandled_user_irq
                0x100001c0                isr_irq26
                0x100001c0                isr_irq28
                0x100001c0                isr_irq19
                0x100001c0                isr_irq0
                0x100001c0                isr_irq6
                0x100001c0                isr_irq29
                0x100001c0                isr_irq16
                0x100001c0                isr_irq22
                0x100001c0                isr_irq18
                0x100001c0                isr_irq17
                0x100001c0                isr_irq14
                0x100001c0                __vectors_end
                0x100001c0                __default_isrs_start
                0x100001c0                isr_irq2
                0x100001c0                isr_irq10
                0x100001c0                isr_irq8
                0x100001c0                isr_irq24
                0x100001c0                isr_irq1
                0x100001c0                isr_irq7
                0x100001c0                isr_irq21
                0x100001c0                isr_irq20
                0x100001c0                isr_irq15
                0x100001c0                isr_irq25
                0x100001c0                isr_irq4
                0x100001c0                isr_irq30
                0x100001c0                isr_irq9
                0x100001c6                unhandled_user_irq_num_in_r0
                0x100001c8                isr_invalid
                0x100001ca                isr_nmi
                0x100001cc                isr_hardfault
                0x100001ce                isr_svcall
                0x100001d0                isr_pendsv
                0x100001d2                isr_systick
                0x100001d4                __default_isrs_end
 *(.binary_info_header)
 .binary_info_header
                0x100001d4       0x14 CMakeFiles/2PORTmonitor.dir/C_/Users/usada/.pico-sdk/sdk/2.2.0/src/rp2_common/pico_crt0/crt0.S.obj
                0x100001e8                        __binary_info_header_end = .
 *(.embedded_block)
                0x100001e8                        __embedded_block_end = .
 *(.reset)
 .reset         0x100001e8       0x9c CMakeFiles/2PORTmonitor.dir/C_/Users/usada/.pico-sdk/sdk/2.2.0/src/rp2_common/pico_crt0/crt0.S.obj
                0x100001e8                _entry_point
 *(.init)
 .init          0x10000284        0x4 C:/Users/usada/.pico-sdk/toolchain/14_2_Rel1/bin/../lib/gcc/arm-none-eabi/14.2.1/thumb/v6-m/nofp/crti.o
                0x10000284                _init
 *(EXCLUDE_FILE(*libm.a: *libc.a:*lib_a-mem*.o *libgcc.a:) .text*)
 .text.register_tm_clones
                0x10000288       0x28 C:/Users/usada/.pico-sdk/toolchain/14_2_Rel1/bin/../lib/gcc/arm-none-eabi/14.2.1/thumb/v6-m/nofp/crtbegin.o
 .text.frame_dummy
                0x100002b0       0x24 C:/Users/usada/.pico-sdk/toolchain/14_2_Rel1/bin/../lib/gcc/arm-none-eabi/14.2.1/thumb/v6-m/nofp/crtbegin.o
 .text.transConsoleFiFo
                0x100002d4      0x110 CMakeFiles/2PORTmonitor.dir/2PortMonitor.c.obj
                0x100002d4                transConsoleFiFo
 .text.measure_freqs
                0x100003e4       0xb8 CMakeFiles/2PORTmonitor.dir/2PortMonitor.c.obj
                0x100003e4                measure_freqs
 .text.startup.main
                0x1000049c      0x44c CMakeFiles/2PORTmonitor.dir/2PortMonitor.c.obj
                0x1000049c                main
 .text.gpio_set_function
                0x100008e8       0x34 CMakeFiles/2PORTmonitor.dir/C_/Users/usada/.pico-sdk/sdk/2.2.0/src/rp2_common/hardware_gpio/gpio.c.obj
                0x100008e8                gpio_set_function
 .text.gpio_set_pulls
                0x1000091c       0x28 CMakeFiles/2PORTmonitor.dir/C_/Users/usada/.pico-sdk/sdk/2.2.0/src/rp2_common/hardware_gpio/gpio.c.obj
                0x1000091c                gpio_set_pulls
 .text.gpio_set_input_enabled
                0x10000944       0x28 CMakeFiles/2PORTmonitor.dir/C_/Users/usada/.pico-sdk/sdk/2.2.0/src/rp2_common/hardware_gpio/gpio.c.obj
                0x10000944                gpio_set_input_enabled
 .text.rp2040_chip_version
                0x1000096c        0xc CMakeFiles/2PORTmonitor.dir/C_/Users/usada/.pico-sdk/sdk/2.2.0/src/rp2040/pico_platform/platform.c.obj
                0x1000096c                rp2040_chip_version
 .text.panic    0x10000978       0x30 CMakeFiles/2PORTmonitor.dir/C_/Users/usada/.pico-sdk/sdk/2.2.0/src/rp2_common/pico_platform_panic/panic.c.obj
                0x10000978                panic
 .text.hw_claim_lock
                0x100009a8       0x18 CMakeFiles/2PORTmonitor.dir/C_/Users/usada/.pico-sdk/sdk/2.2.0/src/common/hardware_claim/claim.c.obj
                0x100009a8                hw_claim_lock
 .text.hw_claim_unlock
                0x100009c0       0x14 CMakeFiles/2PORTmonitor.dir/C_/Users/usada/.pico-sdk/sdk/2.2.0/src/common/hardware_claim/claim.c.obj
                0x100009c0                hw_claim_unlock
 .text.hw_claim_or_assert
                0x100009d4       0x44 CMakeFiles/2PORTmonitor.dir/C_/Users/usada/.pico-sdk/sdk/2.2.0/src/common/hardware_claim/claim.c.obj
                0x100009d4                hw_claim_or_assert
 .text.hw_claim_unused_from_range
                0x10000a18       0x88 CMakeFiles/2PORTmonitor.dir/C_/Users/usada/.pico-sdk/sdk/2.2.0/src/common/hardware_claim/claim.c.obj
                0x10000a18                hw_claim_unused_from_range
 .text.next_striped_spin_lock_num
                0x10000aa0       0x18 CMakeFiles/2PORTmonitor.dir/C_/Users/usada/.pico-sdk/sdk/2.2.0/src/rp2_common/hardware_sync/sync.c.obj
                0x10000aa0                next_striped_spin_lock_num
 .text.spin_lock_claim_unused
                0x10000ab8       0x24 CMakeFiles/2PORTmonitor.dir/C_/Users/usada/.pico-sdk/sdk/2.2.0/src/rp2_common/hardware_sync/sync.c.obj
                0x10000ab8                spin_lock_claim_unused
 .text.spin_locks_reset
                0x10000adc       0x1c CMakeFiles/2PORTmonitor.dir/C_/Users/usada/.pico-sdk/sdk/2.2.0/src/rp2_common/hardware_sync_spin_lock/sync_spin_lock.c.obj
                0x10000adc                spin_locks_reset
 .text.runtime_init_per_core_irq_priorities
                0x10000af8       0x24 CMakeFiles/2PORTmonitor.dir/C_/Users/usada/.pico-sdk/sdk/2.2.0/src/rp2_common/hardware_irq/irq.c.obj
                0x10000af8                runtime_init_per_core_irq_priorities
 .text.irq_set_enabled
                0x10000b1c       0x24 CMakeFiles/2PORTmonitor.dir/C_/Users/usada/.pico-sdk/sdk/2.2.0/src/rp2_common/hardware_irq/irq.c.obj
                0x10000b1c                irq_set_enabled
 .text.irq_is_enabled
                0x10000b40       0x18 CMakeFiles/2PORTmonitor.dir/C_/Users/usada/.pico-sdk/sdk/2.2.0/src/rp2_common/hardware_irq/irq.c.obj
                0x10000b40                irq_is_enabled
 .text.irq_set_pending
                0x10000b58       0x10 CMakeFiles/2PORTmonitor.dir/C_/Users/usada/.pico-sdk/sdk/2.2.0/src/rp2_common/hardware_irq/irq.c.obj
                0x10000b58                irq_set_pending
 .text.irq_has_shared_handler
                0x10000b68       0x24 CMakeFiles/2PORTmonitor.dir/C_/Users/usada/.pico-sdk/sdk/2.2.0/src/rp2_common/hardware_irq/irq.c.obj
                0x10000b68                irq_has_shared_handler
 .text.irq_set_exclusive_handler
                0x10000b8c       0x54 CMakeFiles/2PORTmonitor.dir/C_/Users/usada/.pico-sdk/sdk/2.2.0/src/rp2_common/hardware_irq/irq.c.obj
                0x10000b8c                irq_set_exclusive_handler
 .text.irq_add_shared_handler
                0x10000be0      0x1f4 CMakeFiles/2PORTmonitor.dir/C_/Users/usada/.pico-sdk/sdk/2.2.0/src/rp2_common/hardware_irq/irq.c.obj
                0x10000be0                irq_add_shared_handler
 .text.irq_add_tail_to_free_list
                0x10000dd4       0xb4 CMakeFiles/2PORTmonitor.dir/C_/Users/usada/.pico-sdk/sdk/2.2.0/src/rp2_common/hardware_irq/irq.c.obj
                0x10000dd4                irq_add_tail_to_free_list
 .text.user_irq_claim_unused
                0x10000e88       0x2c CMakeFiles/2PORTmonitor.dir/C_/Users/usada/.pico-sdk/sdk/2.2.0/src/rp2_common/hardware_irq/irq.c.obj
                0x10000e88                user_irq_claim_unused
 .text.lock_init
                0x10000eb4       0x10 CMakeFiles/2PORTmonitor.dir/C_/Users/usada/.pico-sdk/sdk/2.2.0/src/common/pico_sync/lock_core.c.obj
                0x10000eb4                lock_init
 .text.runtime_init_mutex
                0x10000ec4       0x50 CMakeFiles/2PORTmonitor.dir/C_/Users/usada/.pico-sdk/sdk/2.2.0/src/common/pico_sync/mutex.c.obj
                0x10000ec4                runtime_init_mutex
 .text.mutex_init
                0x10000f14       0x1c CMakeFiles/2PORTmonitor.dir/C_/Users/usada/.pico-sdk/sdk/2.2.0/src/common/pico_sync/mutex.c.obj
                0x10000f14                mutex_init
 .text.critical_section_init
                0x10000f30       0x1c CMakeFiles/2PORTmonitor.dir/C_/Users/usada/.pico-sdk/sdk/2.2.0/src/common/pico_sync/critical_section.c.obj
                0x10000f30                critical_section_init
 .text.critical_section_init_with_lock_num
                0x10000f4c       0x14 CMakeFiles/2PORTmonitor.dir/C_/Users/usada/.pico-sdk/sdk/2.2.0/src/common/pico_sync/critical_section.c.obj
                0x10000f4c                critical_section_init_with_lock_num
 .text.sleep_until_callback
                0x10000f60       0x30 CMakeFiles/2PORTmonitor.dir/C_/Users/usada/.pico-sdk/sdk/2.2.0/src/common/pico_time/time.c.obj
 .text.alarm_pool_irq_handler
                0x10000f90      0x300 CMakeFiles/2PORTmonitor.dir/C_/Users/usada/.pico-sdk/sdk/2.2.0/src/common/pico_time/time.c.obj
 .text.runtime_init_default_alarm_pool
                0x10001290       0xdc CMakeFiles/2PORTmonitor.dir/C_/Users/usada/.pico-sdk/sdk/2.2.0/src/common/pico_time/time.c.obj
                0x10001290                runtime_init_default_alarm_pool
 .text.alarm_pool_get_default
                0x1000136c        0x8 CMakeFiles/2PORTmonitor.dir/C_/Users/usada/.pico-sdk/sdk/2.2.0/src/common/pico_time/time.c.obj
                0x1000136c                alarm_pool_get_default
 .text.alarm_pool_add_alarm_at
                0x10001374       0xd0 CMakeFiles/2PORTmonitor.dir/C_/Users/usada/.pico-sdk/sdk/2.2.0/src/common/pico_time/time.c.obj
                0x10001374                alarm_pool_add_alarm_at
 .text.alarm_pool_add_alarm_at_force_in_context
                0x10001444       0xb0 CMakeFiles/2PORTmonitor.dir/C_/Users/usada/.pico-sdk/sdk/2.2.0/src/common/pico_time/time.c.obj
                0x10001444                alarm_pool_add_alarm_at_force_in_context
 .text.alarm_pool_cancel_alarm
                0x100014f4       0x74 CMakeFiles/2PORTmonitor.dir/C_/Users/usada/.pico-sdk/sdk/2.2.0/src/common/pico_time/time.c.obj
                0x100014f4                alarm_pool_cancel_alarm
 .text.alarm_pool_core_num
                0x10001568        0x4 CMakeFiles/2PORTmonitor.dir/C_/Users/usada/.pico-sdk/sdk/2.2.0/src/common/pico_time/time.c.obj
                0x10001568                alarm_pool_core_num
 .text.sleep_ms
                0x1000156c       0xfc CMakeFiles/2PORTmonitor.dir/C_/Users/usada/.pico-sdk/sdk/2.2.0/src/common/pico_time/time.c.obj
                0x1000156c                sleep_ms
 .text.best_effort_wfe_or_timeout
                0x10001668      0x10c CMakeFiles/2PORTmonitor.dir/C_/Users/usada/.pico-sdk/sdk/2.2.0/src/common/pico_time/time.c.obj
                0x10001668                best_effort_wfe_or_timeout
 .text.timer_hardware_alarm_claim
                0x10001774       0x14 CMakeFiles/2PORTmonitor.dir/C_/Users/usada/.pico-sdk/sdk/2.2.0/src/rp2_common/hardware_timer/timer.c.obj
                0x10001774                timer_hardware_alarm_claim
 .text.timer_time_us_64
                0x10001788       0x10 CMakeFiles/2PORTmonitor.dir/C_/Users/usada/.pico-sdk/sdk/2.2.0/src/rp2_common/hardware_timer/timer.c.obj
                0x10001788                timer_time_us_64
 .text.time_us_64
                0x10001798       0x14 CMakeFiles/2PORTmonitor.dir/C_/Users/usada/.pico-sdk/sdk/2.2.0/src/rp2_common/hardware_timer/timer.c.obj
                0x10001798                time_us_64
 .text.busy_wait_us
                0x100017ac       0x68 CMakeFiles/2PORTmonitor.dir/C_/Users/usada/.pico-sdk/sdk/2.2.0/src/rp2_common/hardware_timer/timer.c.obj
                0x100017ac                busy_wait_us
 .text.busy_wait_until
                0x10001814       0x20 CMakeFiles/2PORTmonitor.dir/C_/Users/usada/.pico-sdk/sdk/2.2.0/src/rp2_common/hardware_timer/timer.c.obj
                0x10001814                busy_wait_until
 .text.uart_init
                0x10001834      0x120 CMakeFiles/2PORTmonitor.dir/C_/Users/usada/.pico-sdk/sdk/2.2.0/src/rp2_common/hardware_uart/uart.c.obj
                0x10001834                uart_init
 .text.clock_configure_int_divider
                0x10001954       0xf4 CMakeFiles/2PORTmonitor.dir/C_/Users/usada/.pico-sdk/sdk/2.2.0/src/rp2_common/hardware_clocks/clocks.c.obj
                0x10001954                clock_configure_int_divider
 .text.clock_configure_undivided
                0x10001a48       0xe8 CMakeFiles/2PORTmonitor.dir/C_/Users/usada/.pico-sdk/sdk/2.2.0/src/rp2_common/hardware_clocks/clocks.c.obj
                0x10001a48                clock_configure_undivided
 .text.clock_get_hz
                0x10001b30        0xc CMakeFiles/2PORTmonitor.dir/C_/Users/usada/.pico-sdk/sdk/2.2.0/src/rp2_common/hardware_clocks/clocks.c.obj
                0x10001b30                clock_get_hz
 .text.frequency_count_khz
                0x10001b3c       0x48 CMakeFiles/2PORTmonitor.dir/C_/Users/usada/.pico-sdk/sdk/2.2.0/src/rp2_common/hardware_clocks/clocks.c.obj
                0x10001b3c                frequency_count_khz
 .text.pll_init
                0x10001b84       0xa4 CMakeFiles/2PORTmonitor.dir/C_/Users/usada/.pico-sdk/sdk/2.2.0/src/rp2_common/hardware_pll/pll.c.obj
                0x10001b84                pll_init
 .text.watchdog_enable
                0x10001c28       0x88 CMakeFiles/2PORTmonitor.dir/C_/Users/usada/.pico-sdk/sdk/2.2.0/src/rp2_common/hardware_watchdog/watchdog.c.obj
                0x10001c28                watchdog_enable
 .text.watchdog_reboot
                0x10001cb0       0x9c CMakeFiles/2PORTmonitor.dir/C_/Users/usada/.pico-sdk/sdk/2.2.0/src/rp2_common/hardware_watchdog/watchdog.c.obj
                0x10001cb0                watchdog_reboot
 .text.tick_start
                0x10001d4c       0x10 CMakeFiles/2PORTmonitor.dir/C_/Users/usada/.pico-sdk/sdk/2.2.0/src/rp2_common/hardware_ticks/ticks.c.obj
                0x10001d4c                tick_start
 .text.rom_func_lookup
                0x10001d5c       0x10 CMakeFiles/2PORTmonitor.dir/C_/Users/usada/.pico-sdk/sdk/2.2.0/src/rp2_common/pico_bootrom/bootrom.c.obj
                0x10001d5c                rom_func_lookup
 .text.rom_data_lookup
                0x10001d6c       0x10 CMakeFiles/2PORTmonitor.dir/C_/Users/usada/.pico-sdk/sdk/2.2.0/src/rp2_common/pico_bootrom/bootrom.c.obj
                0x10001d6c                rom_data_lookup
 .text.rom_funcs_lookup
                0x10001d7c       0x44 CMakeFiles/2PORTmonitor.dir/C_/Users/usada/.pico-sdk/sdk/2.2.0/src/rp2_common/pico_bootrom/bootrom.c.obj
                0x10001d7c                rom_funcs_lookup
 .text.rom_reset_usb_boot_extra
                0x10001dc0       0x24 CMakeFiles/2PORTmonitor.dir/C_/Users/usada/.pico-sdk/sdk/2.2.0/src/rp2_common/pico_bootrom/bootrom.c.obj
                0x10001dc0                rom_reset_usb_boot_extra
 .text.xosc_init
                0x10001de4       0x28 CMakeFiles/2PORTmonitor.dir/C_/Users/usada/.pico-sdk/sdk/2.2.0/src/rp2_common/hardware_xosc/xosc.c.obj
                0x10001de4                xosc_init
 .text.first_per_core_initializer
                0x10001e0c        0x4 CMakeFiles/2PORTmonitor.dir/C_/Users/usada/.pico-sdk/sdk/2.2.0/src/rp2_common/pico_runtime/runtime.c.obj
 .text.hard_assertion_failure
                0x10001e10        0xc CMakeFiles/2PORTmonitor.dir/C_/Users/usada/.pico-sdk/sdk/2.2.0/src/rp2_common/pico_runtime/runtime.c.obj
                0x10001e10                hard_assertion_failure
 .text.runtime_run_initializers
                0x10001e1c       0x28 CMakeFiles/2PORTmonitor.dir/C_/Users/usada/.pico-sdk/sdk/2.2.0/src/rp2_common/pico_runtime/runtime.c.obj
                0x10001e1c                runtime_run_initializers
 .text.runtime_init_early_resets
                0x10001e44       0x2c CMakeFiles/2PORTmonitor.dir/C_/Users/usada/.pico-sdk/sdk/2.2.0/src/rp2_common/pico_runtime_init/runtime_init.c.obj
                0x10001e44                runtime_init_early_resets
 .text.runtime_init_usb_power_down
                0x10001e70       0x1c CMakeFiles/2PORTmonitor.dir/C_/Users/usada/.pico-sdk/sdk/2.2.0/src/rp2_common/pico_runtime_init/runtime_init.c.obj
                0x10001e70                runtime_init_usb_power_down
 .text.runtime_init_post_clock_resets
                0x10001e8c       0x20 CMakeFiles/2PORTmonitor.dir/C_/Users/usada/.pico-sdk/sdk/2.2.0/src/rp2_common/pico_runtime_init/runtime_init.c.obj
                0x10001e8c                runtime_init_post_clock_resets
 .text.runtime_init_rp2040_gpio_ie_disable
                0x10001eac       0x14 CMakeFiles/2PORTmonitor.dir/C_/Users/usada/.pico-sdk/sdk/2.2.0/src/rp2_common/pico_runtime_init/runtime_init.c.obj
                0x10001eac                runtime_init_rp2040_gpio_ie_disable
 .text.runtime_init_spin_locks_reset
                0x10001ec0        0x8 CMakeFiles/2PORTmonitor.dir/C_/Users/usada/.pico-sdk/sdk/2.2.0/src/rp2_common/pico_runtime_init/runtime_init.c.obj
                0x10001ec0                runtime_init_spin_locks_reset
 .text.runtime_init_install_ram_vector_table
                0x10001ec8       0xb4 CMakeFiles/2PORTmonitor.dir/C_/Users/usada/.pico-sdk/sdk/2.2.0/src/rp2_common/pico_runtime_init/runtime_init.c.obj
                0x10001ec8                runtime_init_install_ram_vector_table
 .text.runtime_init_clocks
                0x10001f7c       0xd8 CMakeFiles/2PORTmonitor.dir/C_/Users/usada/.pico-sdk/sdk/2.2.0/src/rp2_common/pico_runtime_init/runtime_init_clocks.c.obj
                0x10001f7c                runtime_init_clocks
 .text          0x10002054       0x10 CMakeFiles/2PORTmonitor.dir/C_/Users/usada/.pico-sdk/sdk/2.2.0/src/rp2_common/pico_bit_ops/bit_ops_aeabi.S.obj
 .text.__wrap___aeabi_idiv
                0x10002064       0x50 CMakeFiles/2PORTmonitor.dir/C_/Users/usada/.pico-sdk/sdk/2.2.0/src/rp2_common/pico_divider/divider_hardware.S.obj
                0x10002064                __wrap___aeabi_idivmod
                0x10002064                divmod_s32s32
                0x10002064                div_s32s32
                0x10002064                __wrap___aeabi_idiv
                0x1000206c                divmod_s32s32_unsafe
                0x10002098                divmod_s32s32_savestate
 .text.__wrap___aeabi_uidiv
                0x100020b4       0x4c CMakeFiles/2PORTmonitor.dir/C_/Users/usada/.pico-sdk/sdk/2.2.0/src/rp2_common/pico_divider/divider_hardware.S.obj
                0x100020b4                __wrap___aeabi_uidiv
                0x100020b4                __wrap___aeabi_uidivmod
                0x100020b4                div_u32u32
                0x100020b4                divmod_u32u32
                0x100020bc                divmod_u32u32_unsafe
                0x100020e4                divmod_u32u32_savestate
 .text.__wrap___aeabi_ldiv
                0x10002100      0x424 CMakeFiles/2PORTmonitor.dir/C_/Users/usada/.pico-sdk/sdk/2.2.0/src/rp2_common/pico_divider/divider_hardware.S.obj
                0x10002100                div_s64s64
                0x10002100                divmod_s64s64
                0x10002100                __wrap___aeabi_ldivmod
                0x10002130                divmod_u64u64
                0x10002130                div_u64u64
                0x10002130                __wrap___aeabi_uldivmod
                0x10002140                divmod_u64u64_savestate
                0x10002160                divmod_s64s64_unsafe
                0x100021e8                divmod_u64u64_unsafe
 .text.__wrap___aeabi_darithmetic
                0x10002524       0x80 CMakeFiles/2PORTmonitor.dir/C_/Users/usada/.pico-sdk/sdk/2.2.0/src/rp2_common/pico_double/double_aeabi_rp2040.S.obj
                0x10002524                __wrap___aeabi_drsub
                0x1000252a                __wrap___aeabi_dsub
                0x1000253c                __wrap___aeabi_dadd
                0x1000254e                __wrap___aeabi_ddiv
                0x1000258a                __wrap___aeabi_dmul
 .text.__wrap___aeabi_cdcmple
                0x100025a4       0x6c CMakeFiles/2PORTmonitor.dir/C_/Users/usada/.pico-sdk/sdk/2.2.0/src/rp2_common/pico_double/double_aeabi_rp2040.S.obj
                0x100025a4                __wrap___aeabi_cdrcmple
                0x100025b4                __wrap___aeabi_cdcmpeq
                0x100025b4                __wrap___aeabi_cdcmple
 .text.__wrap___aeabi_dcmplt
                0x10002610        0xc CMakeFiles/2PORTmonitor.dir/C_/Users/usada/.pico-sdk/sdk/2.2.0/src/rp2_common/pico_double/double_aeabi_rp2040.S.obj
                0x10002610                __wrap___aeabi_dcmplt
 .text.__wrap___aeabi_dcmple
                0x1000261c       0x10 CMakeFiles/2PORTmonitor.dir/C_/Users/usada/.pico-sdk/sdk/2.2.0/src/rp2_common/pico_double/double_aeabi_rp2040.S.obj
                0x1000261c                __wrap___aeabi_dcmple
 .text.__wrap___aeabi_dcmpge
                0x1000262c       0x10 CMakeFiles/2PORTmonitor.dir/C_/Users/usada/.pico-sdk/sdk/2.2.0/src/rp2_common/pico_double/double_aeabi_rp2040.S.obj
                0x1000262c                __wrap___aeabi_dcmpge
 .text.__wrap___aeabi_dcmpgt
                0x1000263c        0xa CMakeFiles/2PORTmonitor.dir/C_/Users/usada/.pico-sdk/sdk/2.2.0/src/rp2_common/pico_double/double_aeabi_rp2040.S.obj
                0x1000263c                __wrap___aeabi_dcmpgt
 .text.__wrap___aeabi_dcmpun
                0x10002646       0x18 CMakeFiles/2PORTmonitor.dir/C_/Users/usada/.pico-sdk/sdk/2.2.0/src/rp2_common/pico_double/double_aeabi_rp2040.S.obj
                0x10002646                __wrap___aeabi_dcmpun
 *fill*         0x1000265e        0x2 
 .text.__wrap___aeabi_i2d
                0x10002660       0x38 CMakeFiles/2PORTmonitor.dir/C_/Users/usada/.pico-sdk/sdk/2.2.0/src/rp2_common/pico_double/double_aeabi_rp2040.S.obj
                0x10002660                uint2double
                0x10002660                __wrap___aeabi_ui2d
                0x10002668                int2double
                0x10002668                __wrap___aeabi_i2d
 .text.__wrap___aeabi_d2iz
                0x10002698       0x48 CMakeFiles/2PORTmonitor.dir/C_/Users/usada/.pico-sdk/sdk/2.2.0/src/rp2_common/pico_double/double_aeabi_rp2040.S.obj
                0x10002698                double2int_z
                0x10002698                __wrap___aeabi_d2iz
 .text.__wrap___aeabi_d2uiz
                0x100026e0       0x18 CMakeFiles/2PORTmonitor.dir/C_/Users/usada/.pico-sdk/sdk/2.2.0/src/rp2_common/pico_double/double_aeabi_rp2040.S.obj
                0x100026e0                double2uint
                0x100026e0                __wrap___aeabi_d2uiz
                0x100026e0                double2uint_z
 .text.__aeabi_double_init
                0x100026f8       0xa4 CMakeFiles/2PORTmonitor.dir/C_/Users/usada/.pico-sdk/sdk/2.2.0/src/rp2_common/pico_double/double_init_rom_rp2040.c.obj
                0x100026f8                __aeabi_double_init
 .text.double_table_shim_on_use_helper
                0x1000279c       0x2c CMakeFiles/2PORTmonitor.dir/C_/Users/usada/.pico-sdk/sdk/2.2.0/src/rp2_common/pico_double/double_v1_rom_shim_rp2040.S.obj
                0x1000279c                double_table_shim_on_use_helper
 .text.__wrap___aeabi_dsub
                0x100027c8       0x10 CMakeFiles/2PORTmonitor.dir/C_/Users/usada/.pico-sdk/sdk/2.2.0/src/rp2_common/pico_double/double_v1_rom_shim_rp2040.S.obj
                0x100027c8                drsub_shim
                0x100027ce                dsub_shim
 .text.dadd_shim
                0x100027d8      0x15c CMakeFiles/2PORTmonitor.dir/C_/Users/usada/.pico-sdk/sdk/2.2.0/src/rp2_common/pico_double/double_v1_rom_shim_rp2040.S.obj
                0x100027d8                dadd_shim
 .text.dmul_shim
                0x10002934      0x15c CMakeFiles/2PORTmonitor.dir/C_/Users/usada/.pico-sdk/sdk/2.2.0/src/rp2_common/pico_double/double_v1_rom_shim_rp2040.S.obj
                0x10002934                dmul_shim
 .text.ddiv_shim
                0x10002a90      0x1b0 CMakeFiles/2PORTmonitor.dir/C_/Users/usada/.pico-sdk/sdk/2.2.0/src/rp2_common/pico_double/double_v1_rom_shim_rp2040.S.obj
                0x10002a90                ddiv_shim
 .text.double2uint_shim
                0x10002c40        0xe CMakeFiles/2PORTmonitor.dir/C_/Users/usada/.pico-sdk/sdk/2.2.0/src/rp2_common/pico_double/double_v1_rom_shim_rp2040.S.obj
                0x10002c40                double2uint_shim
                0x10002c42                double2ufix_shim
 *fill*         0x10002c4e        0x2 
 .text.double2uint64_shim
                0x10002c50       0x70 CMakeFiles/2PORTmonitor.dir/C_/Users/usada/.pico-sdk/sdk/2.2.0/src/rp2_common/pico_double/double_v1_rom_shim_rp2040.S.obj
                0x10002c50                double2uint64_shim
                0x10002c52                double2ufix64_shim
                0x10002c72                d2fix_a
 .text.dunpacks
                0x10002cc0       0x3c CMakeFiles/2PORTmonitor.dir/C_/Users/usada/.pico-sdk/sdk/2.2.0/src/rp2_common/pico_double/double_v1_rom_shim_rp2040.S.obj
                0x10002cc0                dunpacks
 .text.__aeabi_lmul
                0x10002cfc       0x32 CMakeFiles/2PORTmonitor.dir/C_/Users/usada/.pico-sdk/sdk/2.2.0/src/rp2_common/pico_int64_ops/pico_int64_ops_aeabi.S.obj
                0x10002cfc                __wrap___aeabi_lmul
 *fill*         0x10002d2e        0x2 
 .text.__wrap___aeabi_farithmetic
                0x10002d30       0x48 CMakeFiles/2PORTmonitor.dir/C_/Users/usada/.pico-sdk/sdk/2.2.0/src/rp2_common/pico_float/float_aeabi_rp2040.S.obj
                0x10002d30                __wrap___aeabi_frsub
                0x10002d36                __wrap___aeabi_fsub
                0x10002d3c                __wrap___aeabi_fadd
                0x10002d42                __wrap___aeabi_fdiv
                0x10002d6a                __wrap___aeabi_fmul
 .text.__wrap___aeabi_ui2f
                0x10002d78        0xa CMakeFiles/2PORTmonitor.dir/C_/Users/usada/.pico-sdk/sdk/2.2.0/src/rp2_common/pico_float/float_aeabi_rp2040.S.obj
                0x10002d78                __wrap___aeabi_ui2f
                0x10002d78                uint2float
 *fill*         0x10002d82        0x2 
 .text.__wrap___aeabi_i2f
                0x10002d84       0x44 CMakeFiles/2PORTmonitor.dir/C_/Users/usada/.pico-sdk/sdk/2.2.0/src/rp2_common/pico_float/float_aeabi_rp2040.S.obj
                0x10002d84                __wrap___aeabi_i2f
                0x10002d84                int2float
 .text.__wrap___aeabi_f2uiz
                0x10002dc8        0xc CMakeFiles/2PORTmonitor.dir/C_/Users/usada/.pico-sdk/sdk/2.2.0/src/rp2_common/pico_float/float_aeabi_rp2040.S.obj
                0x10002dc8                float2uint_z
                0x10002dc8                __wrap___aeabi_f2uiz
                0x10002dc8                float2uint
 .text.__aeabi_float_init
                0x10002dd4       0x64 CMakeFiles/2PORTmonitor.dir/C_/Users/usada/.pico-sdk/sdk/2.2.0/src/rp2_common/pico_float/float_init_rom_rp2040.c.obj
                0x10002dd4                __aeabi_float_init
 .text.float_table_shim_on_use_helper
                0x10002e38       0x2c CMakeFiles/2PORTmonitor.dir/C_/Users/usada/.pico-sdk/sdk/2.2.0/src/rp2_common/pico_float/float_v1_rom_shim_rp2040.S.obj
                0x10002e38                float_table_shim_on_use_helper
 .text          0x10002e64       0x10 CMakeFiles/2PORTmonitor.dir/C_/Users/usada/.pico-sdk/sdk/2.2.0/src/rp2_common/pico_mem_ops/mem_ops_aeabi.S.obj
                0x10002e64                __aeabi_mem_init
 .text.memset   0x10002e74        0xc CMakeFiles/2PORTmonitor.dir/C_/Users/usada/.pico-sdk/sdk/2.2.0/src/rp2_common/pico_mem_ops/mem_ops_aeabi.S.obj
                0x10002e74                __wrap_memset
 .text.memcpy   0x10002e80        0xc CMakeFiles/2PORTmonitor.dir/C_/Users/usada/.pico-sdk/sdk/2.2.0/src/rp2_common/pico_mem_ops/mem_ops_aeabi.S.obj
                0x10002e80                __wrap_memcpy
                0x10002e80                __wrap___aeabi_memcpy
 .text._out_null
                0x10002e8c        0x4 CMakeFiles/2PORTmonitor.dir/C_/Users/usada/.pico-sdk/sdk/2.2.0/src/rp2_common/pico_printf/printf.c.obj
 .text._out_rev
                0x10002e90       0xac CMakeFiles/2PORTmonitor.dir/C_/Users/usada/.pico-sdk/sdk/2.2.0/src/rp2_common/pico_printf/printf.c.obj
 .text._ntoa_format
                0x10002f3c      0x1cc CMakeFiles/2PORTmonitor.dir/C_/Users/usada/.pico-sdk/sdk/2.2.0/src/rp2_common/pico_printf/printf.c.obj
 .text._out_char
                0x10003108       0x10 CMakeFiles/2PORTmonitor.dir/C_/Users/usada/.pico-sdk/sdk/2.2.0/src/rp2_common/pico_printf/printf.c.obj
 .text._out_fct
                0x10003118       0x10 CMakeFiles/2PORTmonitor.dir/C_/Users/usada/.pico-sdk/sdk/2.2.0/src/rp2_common/pico_printf/printf.c.obj
 .text._ftoa    0x10003128      0x4a8 CMakeFiles/2PORTmonitor.dir/C_/Users/usada/.pico-sdk/sdk/2.2.0/src/rp2_common/pico_printf/printf.c.obj
 .text._etoa    0x100035d0      0x57c CMakeFiles/2PORTmonitor.dir/C_/Users/usada/.pico-sdk/sdk/2.2.0/src/rp2_common/pico_printf/printf.c.obj
 .text._vsnprintf
                0x10003b4c      0xbe0 CMakeFiles/2PORTmonitor.dir/C_/Users/usada/.pico-sdk/sdk/2.2.0/src/rp2_common/pico_printf/printf.c.obj
 .text.vfctprintf
                0x1000472c       0x24 CMakeFiles/2PORTmonitor.dir/C_/Users/usada/.pico-sdk/sdk/2.2.0/src/rp2_common/pico_printf/printf.c.obj
                0x1000472c                vfctprintf
 .text.weak_raw_vprintf
                0x10004750       0x30 CMakeFiles/2PORTmonitor.dir/C_/Users/usada/.pico-sdk/sdk/2.2.0/src/rp2_common/pico_printf/printf.c.obj
                0x10004750                weak_raw_vprintf
 .text._exit    0x10004780        0x4 CMakeFiles/2PORTmonitor.dir/C_/Users/usada/.pico-sdk/sdk/2.2.0/src/rp2_common/pico_clib_interface/newlib_interface.c.obj
                0x10004780                _exit
 .text.exit     0x10004784        0x8 CMakeFiles/2PORTmonitor.dir/C_/Users/usada/.pico-sdk/sdk/2.2.0/src/rp2_common/pico_clib_interface/newlib_interface.c.obj
                0x10004784                exit
 .text.runtime_init
                0x1000478c       0x2c CMakeFiles/2PORTmonitor.dir/C_/Users/usada/.pico-sdk/sdk/2.2.0/src/rp2_common/pico_clib_interface/newlib_interface.c.obj
                0x1000478c                runtime_init
 .text.stdio_out_chars_no_crlf
                0x100047b8       0x10 CMakeFiles/2PORTmonitor.dir/C_/Users/usada/.pico-sdk/sdk/2.2.0/src/rp2_common/pico_stdio/stdio.c.obj
 .text.stdio_out_chars_crlf
                0x100047c8       0xb0 CMakeFiles/2PORTmonitor.dir/C_/Users/usada/.pico-sdk/sdk/2.2.0/src/rp2_common/pico_stdio/stdio.c.obj
 .text.stdio_buffered_printer
                0x10004878       0x64 CMakeFiles/2PORTmonitor.dir/C_/Users/usada/.pico-sdk/sdk/2.2.0/src/rp2_common/pico_stdio/stdio.c.obj
 .text.stdio_put_string
                0x100048dc       0xfc CMakeFiles/2PORTmonitor.dir/C_/Users/usada/.pico-sdk/sdk/2.2.0/src/rp2_common/pico_stdio/stdio.c.obj
                0x100048dc                stdio_put_string
 .text.stdio_set_driver_enabled
                0x100049d8       0x30 CMakeFiles/2PORTmonitor.dir/C_/Users/usada/.pico-sdk/sdk/2.2.0/src/rp2_common/pico_stdio/stdio.c.obj
                0x100049d8                stdio_set_driver_enabled
 .text.stdio_init_all
                0x10004a08        0x8 CMakeFiles/2PORTmonitor.dir/C_/Users/usada/.pico-sdk/sdk/2.2.0/src/rp2_common/pico_stdio/stdio.c.obj
                0x10004a08                stdio_init_all
 .text.__wrap_putchar
                0x10004a10       0x94 CMakeFiles/2PORTmonitor.dir/C_/Users/usada/.pico-sdk/sdk/2.2.0/src/rp2_common/pico_stdio/stdio.c.obj
                0x10004a10                __wrap_putchar
                0x10004a10                stdio_putchar
 .text.__wrap_puts
                0x10004aa4       0x3c CMakeFiles/2PORTmonitor.dir/C_/Users/usada/.pico-sdk/sdk/2.2.0/src/rp2_common/pico_stdio/stdio.c.obj
                0x10004aa4                stdio_puts
                0x10004aa4                __wrap_puts
 .text.__wrap_vprintf
                0x10004ae0       0xcc CMakeFiles/2PORTmonitor.dir/C_/Users/usada/.pico-sdk/sdk/2.2.0/src/rp2_common/pico_stdio/stdio.c.obj
                0x10004ae0                stdio_vprintf
                0x10004ae0                __wrap_vprintf
 .text.__wrap_printf
                0x10004bac       0x18 CMakeFiles/2PORTmonitor.dir/C_/Users/usada/.pico-sdk/sdk/2.2.0/src/rp2_common/pico_stdio/stdio.c.obj
                0x10004bac                __wrap_printf
                0x10004bac                stdio_printf
 .text.resetd_init
                0x10004bc4        0x4 CMakeFiles/2PORTmonitor.dir/C_/Users/usada/.pico-sdk/sdk/2.2.0/src/rp2_common/pico_stdio_usb/reset_interface.c.obj
 .text.resetd_reset
                0x10004bc8        0xc CMakeFiles/2PORTmonitor.dir/C_/Users/usada/.pico-sdk/sdk/2.2.0/src/rp2_common/pico_stdio_usb/reset_interface.c.obj
 .text.resetd_open
                0x10004bd4       0x28 CMakeFiles/2PORTmonitor.dir/C_/Users/usada/.pico-sdk/sdk/2.2.0/src/rp2_common/pico_stdio_usb/reset_interface.c.obj
 .text.resetd_xfer_cb
                0x10004bfc        0x4 CMakeFiles/2PORTmonitor.dir/C_/Users/usada/.pico-sdk/sdk/2.2.0/src/rp2_common/pico_stdio_usb/reset_interface.c.obj
 .text.resetd_control_xfer_cb
                0x10004c00       0x54 CMakeFiles/2PORTmonitor.dir/C_/Users/usada/.pico-sdk/sdk/2.2.0/src/rp2_common/pico_stdio_usb/reset_interface.c.obj
 .text.tud_descriptor_bos_cb
                0x10004c54        0x8 CMakeFiles/2PORTmonitor.dir/C_/Users/usada/.pico-sdk/sdk/2.2.0/src/rp2_common/pico_stdio_usb/reset_interface.c.obj
                0x10004c54                tud_descriptor_bos_cb
 .text.tud_vendor_control_xfer_cb
                0x10004c5c       0x34 CMakeFiles/2PORTmonitor.dir/C_/Users/usada/.pico-sdk/sdk/2.2.0/src/rp2_common/pico_stdio_usb/reset_interface.c.obj
                0x10004c5c                tud_vendor_control_xfer_cb
 .text.usbd_app_driver_get_cb
                0x10004c90        0xc CMakeFiles/2PORTmonitor.dir/C_/Users/usada/.pico-sdk/sdk/2.2.0/src/rp2_common/pico_stdio_usb/reset_interface.c.obj
                0x10004c90                usbd_app_driver_get_cb
 .text.tud_cdc_line_coding_cb
                0x10004c9c       0x2c CMakeFiles/2PORTmonitor.dir/C_/Users/usada/.pico-sdk/sdk/2.2.0/src/rp2_common/pico_stdio_usb/reset_interface.c.obj
                0x10004c9c                tud_cdc_line_coding_cb
 .text.stdio_usb_set_chars_available_callback
                0x10004cc8       0x14 CMakeFiles/2PORTmonitor.dir/C_/Users/usada/.pico-sdk/sdk/2.2.0/src/rp2_common/pico_stdio_usb/stdio_usb.c.obj
                0x10004cc8                stdio_usb_set_chars_available_callback
 .text.usb_irq  0x10004cdc       0x10 CMakeFiles/2PORTmonitor.dir/C_/Users/usada/.pico-sdk/sdk/2.2.0/src/rp2_common/pico_stdio_usb/stdio_usb.c.obj
 .text.timer_task
                0x10004cec       0x64 CMakeFiles/2PORTmonitor.dir/C_/Users/usada/.pico-sdk/sdk/2.2.0/src/rp2_common/pico_stdio_usb/stdio_usb.c.obj
 .text.stdio_usb_in_chars
                0x10004d50       0x8c CMakeFiles/2PORTmonitor.dir/C_/Users/usada/.pico-sdk/sdk/2.2.0/src/rp2_common/pico_stdio_usb/stdio_usb.c.obj
                0x10004d50                stdio_usb_in_chars
 .text.stdio_usb_out_flush
                0x10004ddc       0x4c CMakeFiles/2PORTmonitor.dir/C_/Users/usada/.pico-sdk/sdk/2.2.0/src/rp2_common/pico_stdio_usb/stdio_usb.c.obj
 .text.stdio_usb_out_chars
                0x10004e28      0x100 CMakeFiles/2PORTmonitor.dir/C_/Users/usada/.pico-sdk/sdk/2.2.0/src/rp2_common/pico_stdio_usb/stdio_usb.c.obj
 .text.low_priority_worker_irq
                0x10004f28       0xc8 CMakeFiles/2PORTmonitor.dir/C_/Users/usada/.pico-sdk/sdk/2.2.0/src/rp2_common/pico_stdio_usb/stdio_usb.c.obj
 .text.stdio_usb_init
                0x10004ff0       0xe8 CMakeFiles/2PORTmonitor.dir/C_/Users/usada/.pico-sdk/sdk/2.2.0/src/rp2_common/pico_stdio_usb/stdio_usb.c.obj
                0x10004ff0                stdio_usb_init
 .text.tud_descriptor_device_cb
                0x100050d8        0x8 CMakeFiles/2PORTmonitor.dir/C_/Users/usada/.pico-sdk/sdk/2.2.0/src/rp2_common/pico_stdio_usb/stdio_usb_descriptors.c.obj
                0x100050d8                tud_descriptor_device_cb
 .text.tud_descriptor_configuration_cb
                0x100050e0        0x8 CMakeFiles/2PORTmonitor.dir/C_/Users/usada/.pico-sdk/sdk/2.2.0/src/rp2_common/pico_stdio_usb/stdio_usb_descriptors.c.obj
                0x100050e0                tud_descriptor_configuration_cb
 .text.tud_descriptor_string_cb
                0x100050e8       0x78 CMakeFiles/2PORTmonitor.dir/C_/Users/usada/.pico-sdk/sdk/2.2.0/src/rp2_common/pico_stdio_usb/stdio_usb_descriptors.c.obj
                0x100050e8                tud_descriptor_string_cb
 .text.startup._retrieve_unique_id_on_boot
                0x10005160       0x10 CMakeFiles/2PORTmonitor.dir/C_/Users/usada/.pico-sdk/sdk/2.2.0/src/rp2_common/pico_unique_id/unique_id.c.obj
 .text.pico_get_unique_board_id_string
                0x10005170      0x1a8 CMakeFiles/2PORTmonitor.dir/C_/Users/usada/.pico-sdk/sdk/2.2.0/src/rp2_common/pico_unique_id/unique_id.c.obj
                0x10005170                pico_get_unique_board_id_string
 .text.flash_get_unique_id
                0x10005318       0x3c CMakeFiles/2PORTmonitor.dir/C_/Users/usada/.pico-sdk/sdk/2.2.0/src/rp2_common/hardware_flash/flash.c.obj
                0x10005318                flash_get_unique_id
 .text.dcd_init
                0x10005354       0x90 CMakeFiles/2PORTmonitor.dir/C_/Users/usada/.pico-sdk/sdk/2.2.0/lib/tinyusb/src/portable/raspberrypi/rp2040/dcd_rp2040.c.obj
                0x10005354                dcd_init
 .text.dcd_int_enable
                0x100053e4        0xc CMakeFiles/2PORTmonitor.dir/C_/Users/usada/.pico-sdk/sdk/2.2.0/lib/tinyusb/src/portable/raspberrypi/rp2040/dcd_rp2040.c.obj
                0x100053e4                dcd_int_enable
 .text.dcd_set_address
                0x100053f0       0x14 CMakeFiles/2PORTmonitor.dir/C_/Users/usada/.pico-sdk/sdk/2.2.0/lib/tinyusb/src/portable/raspberrypi/rp2040/dcd_rp2040.c.obj
                0x100053f0                dcd_set_address
 .text.dcd_sof_enable
                0x10005404       0x1c CMakeFiles/2PORTmonitor.dir/C_/Users/usada/.pico-sdk/sdk/2.2.0/lib/tinyusb/src/portable/raspberrypi/rp2040/dcd_rp2040.c.obj
                0x10005404                dcd_sof_enable
 .text.dcd_edpt0_status_complete
                0x10005420       0x1c CMakeFiles/2PORTmonitor.dir/C_/Users/usada/.pico-sdk/sdk/2.2.0/lib/tinyusb/src/portable/raspberrypi/rp2040/dcd_rp2040.c.obj
                0x10005420                dcd_edpt0_status_complete
 .text.dcd_edpt_open
                0x1000543c      0x114 CMakeFiles/2PORTmonitor.dir/C_/Users/usada/.pico-sdk/sdk/2.2.0/lib/tinyusb/src/portable/raspberrypi/rp2040/dcd_rp2040.c.obj
                0x1000543c                dcd_edpt_open
 .text.dcd_edpt_close_all
                0x10005550        0x8 CMakeFiles/2PORTmonitor.dir/C_/Users/usada/.pico-sdk/sdk/2.2.0/lib/tinyusb/src/portable/raspberrypi/rp2040/dcd_rp2040.c.obj
                0x10005550                dcd_edpt_close_all
 .text.dcd_edpt_xfer
                0x10005558       0x24 CMakeFiles/2PORTmonitor.dir/C_/Users/usada/.pico-sdk/sdk/2.2.0/lib/tinyusb/src/portable/raspberrypi/rp2040/dcd_rp2040.c.obj
                0x10005558                dcd_edpt_xfer
 .text.dcd_edpt_stall
                0x1000557c       0x3c CMakeFiles/2PORTmonitor.dir/C_/Users/usada/.pico-sdk/sdk/2.2.0/lib/tinyusb/src/portable/raspberrypi/rp2040/dcd_rp2040.c.obj
                0x1000557c                dcd_edpt_stall
 .text.dcd_edpt_clear_stall
                0x100055b8       0x30 CMakeFiles/2PORTmonitor.dir/C_/Users/usada/.pico-sdk/sdk/2.2.0/lib/tinyusb/src/portable/raspberrypi/rp2040/dcd_rp2040.c.obj
                0x100055b8                dcd_edpt_clear_stall
 .text.rp2040_usb_init
                0x100055e8       0x40 CMakeFiles/2PORTmonitor.dir/C_/Users/usada/.pico-sdk/sdk/2.2.0/lib/tinyusb/src/portable/raspberrypi/rp2040/rp2040_usb.c.obj
                0x100055e8                rp2040_usb_init
 .text.hw_endpoint_xfer_start
                0x10005628       0x40 CMakeFiles/2PORTmonitor.dir/C_/Users/usada/.pico-sdk/sdk/2.2.0/lib/tinyusb/src/portable/raspberrypi/rp2040/rp2040_usb.c.obj
                0x10005628                hw_endpoint_xfer_start
 .text.tud_event_hook_cb
                0x10005668        0x4 CMakeFiles/2PORTmonitor.dir/C_/Users/usada/.pico-sdk/sdk/2.2.0/lib/tinyusb/src/device/usbd.c.obj
                0x10005668                tud_event_hook_cb
 .text.tud_sof_cb
                0x1000566c        0x4 CMakeFiles/2PORTmonitor.dir/C_/Users/usada/.pico-sdk/sdk/2.2.0/lib/tinyusb/src/device/usbd.c.obj
                0x1000566c                tud_sof_cb
 .text.tud_descriptor_device_qualifier_cb
                0x10005670        0x4 CMakeFiles/2PORTmonitor.dir/C_/Users/usada/.pico-sdk/sdk/2.2.0/lib/tinyusb/src/device/usbd.c.obj
                0x10005670                tud_descriptor_device_qualifier_cb
 .text.tud_descriptor_other_speed_configuration_cb
                0x10005674        0x4 CMakeFiles/2PORTmonitor.dir/C_/Users/usada/.pico-sdk/sdk/2.2.0/lib/tinyusb/src/device/usbd.c.obj
                0x10005674                tud_descriptor_other_speed_configuration_cb
 .text.tud_mount_cb
                0x10005678        0x4 CMakeFiles/2PORTmonitor.dir/C_/Users/usada/.pico-sdk/sdk/2.2.0/lib/tinyusb/src/device/usbd.c.obj
                0x10005678                tud_mount_cb
 .text.tud_umount_cb
                0x1000567c        0x4 CMakeFiles/2PORTmonitor.dir/C_/Users/usada/.pico-sdk/sdk/2.2.0/lib/tinyusb/src/device/usbd.c.obj
                0x1000567c                tud_umount_cb
 .text.tud_suspend_cb
                0x10005680        0x4 CMakeFiles/2PORTmonitor.dir/C_/Users/usada/.pico-sdk/sdk/2.2.0/lib/tinyusb/src/device/usbd.c.obj
                0x10005680                tud_suspend_cb
 .text.tud_resume_cb
                0x10005684        0x4 CMakeFiles/2PORTmonitor.dir/C_/Users/usada/.pico-sdk/sdk/2.2.0/lib/tinyusb/src/device/usbd.c.obj
                0x10005684                tud_resume_cb
 .text.tud_mounted
                0x10005688       0x10 CMakeFiles/2PORTmonitor.dir/C_/Users/usada/.pico-sdk/sdk/2.2.0/lib/tinyusb/src/device/usbd.c.obj
                0x10005688                tud_mounted
 .text.tud_suspended
                0x10005698       0x10 CMakeFiles/2PORTmonitor.dir/C_/Users/usada/.pico-sdk/sdk/2.2.0/lib/tinyusb/src/device/usbd.c.obj
                0x10005698                tud_suspended
 .text.tud_rhport_init
                0x100056a8       0xf4 CMakeFiles/2PORTmonitor.dir/C_/Users/usada/.pico-sdk/sdk/2.2.0/lib/tinyusb/src/device/usbd.c.obj
                0x100056a8                tud_rhport_init
 .text.tud_task_ext
                0x1000579c      0x800 CMakeFiles/2PORTmonitor.dir/C_/Users/usada/.pico-sdk/sdk/2.2.0/lib/tinyusb/src/device/usbd.c.obj
                0x1000579c                tud_task_ext
 .text.usbd_open_edpt_pair
                0x10005f9c       0x9c CMakeFiles/2PORTmonitor.dir/C_/Users/usada/.pico-sdk/sdk/2.2.0/lib/tinyusb/src/device/usbd.c.obj
                0x10005f9c                usbd_open_edpt_pair
 .text.usbd_edpt_open
                0x10006038       0x34 CMakeFiles/2PORTmonitor.dir/C_/Users/usada/.pico-sdk/sdk/2.2.0/lib/tinyusb/src/device/usbd.c.obj
                0x10006038                usbd_edpt_open
 .text.usbd_edpt_claim
                0x1000606c       0x28 CMakeFiles/2PORTmonitor.dir/C_/Users/usada/.pico-sdk/sdk/2.2.0/lib/tinyusb/src/device/usbd.c.obj
                0x1000606c                usbd_edpt_claim
 .text.usbd_edpt_release
                0x10006094       0x28 CMakeFiles/2PORTmonitor.dir/C_/Users/usada/.pico-sdk/sdk/2.2.0/lib/tinyusb/src/device/usbd.c.obj
                0x10006094                usbd_edpt_release
 .text.usbd_edpt_xfer
                0x100060bc       0x4c CMakeFiles/2PORTmonitor.dir/C_/Users/usada/.pico-sdk/sdk/2.2.0/lib/tinyusb/src/device/usbd.c.obj
                0x100060bc                usbd_edpt_xfer
 .text.tud_control_status
                0x10006108       0x2c CMakeFiles/2PORTmonitor.dir/C_/Users/usada/.pico-sdk/sdk/2.2.0/lib/tinyusb/src/device/usbd_control.c.obj
                0x10006108                tud_control_status
 .text.tud_control_xfer
                0x10006134       0xa8 CMakeFiles/2PORTmonitor.dir/C_/Users/usada/.pico-sdk/sdk/2.2.0/lib/tinyusb/src/device/usbd_control.c.obj
                0x10006134                tud_control_xfer
 .text.usbd_control_reset
                0x100061dc       0x14 CMakeFiles/2PORTmonitor.dir/C_/Users/usada/.pico-sdk/sdk/2.2.0/lib/tinyusb/src/device/usbd_control.c.obj
                0x100061dc                usbd_control_reset
 .text.usbd_control_set_complete_callback
                0x100061f0        0xc CMakeFiles/2PORTmonitor.dir/C_/Users/usada/.pico-sdk/sdk/2.2.0/lib/tinyusb/src/device/usbd_control.c.obj
                0x100061f0                usbd_control_set_complete_callback
 .text.usbd_control_set_request
                0x100061fc       0x1c CMakeFiles/2PORTmonitor.dir/C_/Users/usada/.pico-sdk/sdk/2.2.0/lib/tinyusb/src/device/usbd_control.c.obj
                0x100061fc                usbd_control_set_request
 .text.usbd_control_xfer_cb
                0x10006218       0xec CMakeFiles/2PORTmonitor.dir/C_/Users/usada/.pico-sdk/sdk/2.2.0/lib/tinyusb/src/device/usbd_control.c.obj
                0x10006218                usbd_control_xfer_cb
 .text._prep_out_transaction.isra.0
                0x10006304       0x6c CMakeFiles/2PORTmonitor.dir/C_/Users/usada/.pico-sdk/sdk/2.2.0/lib/tinyusb/src/class/cdc/cdc_device.c.obj
 .text.tud_cdc_n_connected
                0x10006370       0x2c CMakeFiles/2PORTmonitor.dir/C_/Users/usada/.pico-sdk/sdk/2.2.0/lib/tinyusb/src/class/cdc/cdc_device.c.obj
                0x10006370                tud_cdc_n_connected
 .text.tud_cdc_n_get_line_state
                0x1000639c       0x10 CMakeFiles/2PORTmonitor.dir/C_/Users/usada/.pico-sdk/sdk/2.2.0/lib/tinyusb/src/class/cdc/cdc_device.c.obj
                0x1000639c                tud_cdc_n_get_line_state
 .text.tud_cdc_n_get_line_coding
                0x100063ac       0x1c CMakeFiles/2PORTmonitor.dir/C_/Users/usada/.pico-sdk/sdk/2.2.0/lib/tinyusb/src/class/cdc/cdc_device.c.obj
                0x100063ac                tud_cdc_n_get_line_coding
 .text.tud_cdc_n_available
                0x100063c8       0x14 CMakeFiles/2PORTmonitor.dir/C_/Users/usada/.pico-sdk/sdk/2.2.0/lib/tinyusb/src/class/cdc/cdc_device.c.obj
                0x100063c8                tud_cdc_n_available
 .text.tud_cdc_n_read
                0x100063dc       0x88 CMakeFiles/2PORTmonitor.dir/C_/Users/usada/.pico-sdk/sdk/2.2.0/lib/tinyusb/src/class/cdc/cdc_device.c.obj
                0x100063dc                tud_cdc_n_read
 .text.tud_cdc_n_write_flush
                0x10006464       0x74 CMakeFiles/2PORTmonitor.dir/C_/Users/usada/.pico-sdk/sdk/2.2.0/lib/tinyusb/src/class/cdc/cdc_device.c.obj
                0x10006464                tud_cdc_n_write_flush
 .text.tud_cdc_n_write
                0x100064d8       0x40 CMakeFiles/2PORTmonitor.dir/C_/Users/usada/.pico-sdk/sdk/2.2.0/lib/tinyusb/src/class/cdc/cdc_device.c.obj
                0x100064d8                tud_cdc_n_write
 .text.tud_cdc_n_write_available
                0x10006518       0x14 CMakeFiles/2PORTmonitor.dir/C_/Users/usada/.pico-sdk/sdk/2.2.0/lib/tinyusb/src/class/cdc/cdc_device.c.obj
                0x10006518                tud_cdc_n_write_available
 .text.cdcd_init
                0x1000652c       0x70 CMakeFiles/2PORTmonitor.dir/C_/Users/usada/.pico-sdk/sdk/2.2.0/lib/tinyusb/src/class/cdc/cdc_device.c.obj
                0x1000652c                cdcd_init
 .text.cdcd_deinit
                0x1000659c       0x30 CMakeFiles/2PORTmonitor.dir/C_/Users/usada/.pico-sdk/sdk/2.2.0/lib/tinyusb/src/class/cdc/cdc_device.c.obj
                0x1000659c                cdcd_deinit
 .text.cdcd_reset
                0x100065cc       0x4c CMakeFiles/2PORTmonitor.dir/C_/Users/usada/.pico-sdk/sdk/2.2.0/lib/tinyusb/src/class/cdc/cdc_device.c.obj
                0x100065cc                cdcd_reset
 .text.cdcd_open
                0x10006618       0xa4 CMakeFiles/2PORTmonitor.dir/C_/Users/usada/.pico-sdk/sdk/2.2.0/lib/tinyusb/src/class/cdc/cdc_device.c.obj
                0x10006618                cdcd_open
 .text.cdcd_control_xfer_cb
                0x100066bc       0xe8 CMakeFiles/2PORTmonitor.dir/C_/Users/usada/.pico-sdk/sdk/2.2.0/lib/tinyusb/src/class/cdc/cdc_device.c.obj
                0x100066bc                cdcd_control_xfer_cb
 .text.cdcd_xfer_cb
                0x100067a4      0x100 CMakeFiles/2PORTmonitor.dir/C_/Users/usada/.pico-sdk/sdk/2.2.0/lib/tinyusb/src/class/cdc/cdc_device.c.obj
                0x100067a4                cdcd_xfer_cb
 .text.vendord_init
                0x100068a4       0x5c CMakeFiles/2PORTmonitor.dir/C_/Users/usada/.pico-sdk/sdk/2.2.0/lib/tinyusb/src/class/vendor/vendor_device.c.obj
                0x100068a4                vendord_init
 .text.vendord_deinit
                0x10006900       0x1c CMakeFiles/2PORTmonitor.dir/C_/Users/usada/.pico-sdk/sdk/2.2.0/lib/tinyusb/src/class/vendor/vendor_device.c.obj
                0x10006900                vendord_deinit
 .text.vendord_reset
                0x1000691c       0x28 CMakeFiles/2PORTmonitor.dir/C_/Users/usada/.pico-sdk/sdk/2.2.0/lib/tinyusb/src/class/vendor/vendor_device.c.obj
                0x1000691c                vendord_reset
 .text.vendord_open
                0x10006944      0x120 CMakeFiles/2PORTmonitor.dir/C_/Users/usada/.pico-sdk/sdk/2.2.0/lib/tinyusb/src/class/vendor/vendor_device.c.obj
                0x10006944                vendord_open
 .text.vendord_xfer_cb
                0x10006a64       0x9c CMakeFiles/2PORTmonitor.dir/C_/Users/usada/.pico-sdk/sdk/2.2.0/lib/tinyusb/src/class/vendor/vendor_device.c.obj
                0x10006a64                vendord_xfer_cb
 .text.tusb_rhport_init
                0x10006b00       0x4c CMakeFiles/2PORTmonitor.dir/C_/Users/usada/.pico-sdk/sdk/2.2.0/lib/tinyusb/src/tusb.c.obj
                0x10006b00                tusb_rhport_init
 .text.tu_edpt_claim
                0x10006b4c       0x50 CMakeFiles/2PORTmonitor.dir/C_/Users/usada/.pico-sdk/sdk/2.2.0/lib/tinyusb/src/tusb.c.obj
                0x10006b4c                tu_edpt_claim
 .text.tu_edpt_release
                0x10006b9c       0x38 CMakeFiles/2PORTmonitor.dir/C_/Users/usada/.pico-sdk/sdk/2.2.0/lib/tinyusb/src/tusb.c.obj
                0x10006b9c                tu_edpt_release
 .text.tu_edpt_validate
                0x10006bd4       0x7c CMakeFiles/2PORTmonitor.dir/C_/Users/usada/.pico-sdk/sdk/2.2.0/lib/tinyusb/src/tusb.c.obj
                0x10006bd4                tu_edpt_validate
 .text.tu_edpt_bind_driver
                0x10006c50       0x34 CMakeFiles/2PORTmonitor.dir/C_/Users/usada/.pico-sdk/sdk/2.2.0/lib/tinyusb/src/tusb.c.obj
                0x10006c50                tu_edpt_bind_driver
 .text.tu_edpt_stream_init
                0x10006c84       0x6c CMakeFiles/2PORTmonitor.dir/C_/Users/usada/.pico-sdk/sdk/2.2.0/lib/tinyusb/src/tusb.c.obj
                0x10006c84                tu_edpt_stream_init
 .text.tu_edpt_stream_deinit
                0x10006cf0        0x4 CMakeFiles/2PORTmonitor.dir/C_/Users/usada/.pico-sdk/sdk/2.2.0/lib/tinyusb/src/tusb.c.obj
                0x10006cf0                tu_edpt_stream_deinit
 .text.tu_edpt_stream_write_zlp_if_needed
                0x10006cf4       0x68 CMakeFiles/2PORTmonitor.dir/C_/Users/usada/.pico-sdk/sdk/2.2.0/lib/tinyusb/src/tusb.c.obj
                0x10006cf4                tu_edpt_stream_write_zlp_if_needed
 .text.tu_edpt_stream_write_xfer
                0x10006d5c       0x68 CMakeFiles/2PORTmonitor.dir/C_/Users/usada/.pico-sdk/sdk/2.2.0/lib/tinyusb/src/tusb.c.obj
                0x10006d5c                tu_edpt_stream_write_xfer
 .text.tu_edpt_stream_read_xfer
                0x10006dc4       0xd8 CMakeFiles/2PORTmonitor.dir/C_/Users/usada/.pico-sdk/sdk/2.2.0/lib/tinyusb/src/tusb.c.obj
                0x10006dc4                tu_edpt_stream_read_xfer
 .text.tu_fifo_config
                0x10006e9c       0x6c CMakeFiles/2PORTmonitor.dir/C_/Users/usada/.pico-sdk/sdk/2.2.0/lib/tinyusb/src/common/tusb_fifo.c.obj
                0x10006e9c                tu_fifo_config
 .text.tu_fifo_count
                0x10006f08       0x2c CMakeFiles/2PORTmonitor.dir/C_/Users/usada/.pico-sdk/sdk/2.2.0/lib/tinyusb/src/common/tusb_fifo.c.obj
                0x10006f08                tu_fifo_count
 .text.tu_fifo_empty
                0x10006f34       0x10 CMakeFiles/2PORTmonitor.dir/C_/Users/usada/.pico-sdk/sdk/2.2.0/lib/tinyusb/src/common/tusb_fifo.c.obj
                0x10006f34                tu_fifo_empty
 .text.tu_fifo_remaining
                0x10006f44       0x2c CMakeFiles/2PORTmonitor.dir/C_/Users/usada/.pico-sdk/sdk/2.2.0/lib/tinyusb/src/common/tusb_fifo.c.obj
                0x10006f44                tu_fifo_remaining
 .text.tu_fifo_read
                0x10006f70       0x9c CMakeFiles/2PORTmonitor.dir/C_/Users/usada/.pico-sdk/sdk/2.2.0/lib/tinyusb/src/common/tusb_fifo.c.obj
                0x10006f70                tu_fifo_read
 .text.tu_fifo_read_n
                0x1000700c       0xe8 CMakeFiles/2PORTmonitor.dir/C_/Users/usada/.pico-sdk/sdk/2.2.0/lib/tinyusb/src/common/tusb_fifo.c.obj
                0x1000700c                tu_fifo_read_n
 .text.tu_fifo_write
                0x100070f4       0xa4 CMakeFiles/2PORTmonitor.dir/C_/Users/usada/.pico-sdk/sdk/2.2.0/lib/tinyusb/src/common/tusb_fifo.c.obj
                0x100070f4                tu_fifo_write
 .text.tu_fifo_write_n
                0x10007198      0x178 CMakeFiles/2PORTmonitor.dir/C_/Users/usada/.pico-sdk/sdk/2.2.0/lib/tinyusb/src/common/tusb_fifo.c.obj
                0x10007198                tu_fifo_write_n
 .text.tu_fifo_clear
                0x10007310       0x40 CMakeFiles/2PORTmonitor.dir/C_/Users/usada/.pico-sdk/sdk/2.2.0/lib/tinyusb/src/common/tusb_fifo.c.obj
                0x10007310                tu_fifo_clear
 .text.tu_fifo_set_overwritable
                0x10007350       0x48 CMakeFiles/2PORTmonitor.dir/C_/Users/usada/.pico-sdk/sdk/2.2.0/lib/tinyusb/src/common/tusb_fifo.c.obj
                0x10007350                tu_fifo_set_overwritable
 .text.adc_init
                0x10007398       0x38 CMakeFiles/2PORTmonitor.dir/C_/Users/usada/.pico-sdk/sdk/2.2.0/src/rp2_common/hardware_adc/adc.c.obj
                0x10007398                adc_init
 .text.pio_add_program
                0x100073d0       0xf8 CMakeFiles/2PORTmonitor.dir/C_/Users/usada/.pico-sdk/sdk/2.2.0/src/rp2_common/hardware_pio/pio.c.obj
                0x100073d0                pio_add_program
 .text.pio_sm_set_consecutive_pindirs
                0x100074c8       0xb4 CMakeFiles/2PORTmonitor.dir/C_/Users/usada/.pico-sdk/sdk/2.2.0/src/rp2_common/hardware_pio/pio.c.obj
                0x100074c8                pio_sm_set_consecutive_pindirs
 .text.pio_sm_init
                0x1000757c       0x9c CMakeFiles/2PORTmonitor.dir/C_/Users/usada/.pico-sdk/sdk/2.2.0/src/rp2_common/hardware_pio/pio.c.obj
                0x1000757c                pio_sm_init
 .text.strlen   0x10007618       0x5c C:/Users/usada/.pico-sdk/toolchain/14_2_Rel1/bin/../lib/gcc/arm-none-eabi/14.2.1/thumb/v6-m/nofp\libg.a(libc_a-strlen-stub.o)
                0x10007618                strlen
 *(.fini)
 .fini          0x10007674        0x4 C:/Users/usada/.pico-sdk/toolchain/14_2_Rel1/bin/../lib/gcc/arm-none-eabi/14.2.1/thumb/v6-m/nofp/crti.o
                0x10007674                _fini
 .fini.__stub   0x10007678       0xd0 linker stubs
 *crtbegin.o(.ctors)
 *crtbegin?.o(.ctors)
 *(EXCLUDE_FILE(*crtend.o *crtend?.o) .ctors)
 *(SORT_BY_NAME(.ctors.*))
 *(.ctors)
 *crtbegin.o(.dtors)
 *crtbegin?.o(.dtors)
 *(EXCLUDE_FILE(*crtend.o *crtend?.o) .dtors)
 *(SORT_BY_NAME(.dtors.*))
 *(.dtors)
                0x10007748                        . = ALIGN (0x4)
                0x10007748                        PROVIDE (__preinit_array_start = .)
 *(SORT_BY_NAME(.preinit_array.*))
 .preinit_array.00100
                0x10007748        0x4 CMakeFiles/2PORTmonitor.dir/C_/Users/usada/.pico-sdk/sdk/2.2.0/src/rp2_common/pico_runtime_init/runtime_init.c.obj
                0x10007748                __pre_init_runtime_init_early_resets
 .preinit_array.00101
                0x1000774c        0x4 CMakeFiles/2PORTmonitor.dir/C_/Users/usada/.pico-sdk/sdk/2.2.0/src/rp2_common/pico_runtime_init/runtime_init.c.obj
                0x1000774c                __pre_init_runtime_init_usb_power_down
 .preinit_array.00275
                0x10007750        0x4 CMakeFiles/2PORTmonitor.dir/C_/Users/usada/.pico-sdk/sdk/2.2.0/src/rp2_common/pico_bit_ops/bit_ops_aeabi.S.obj
 .preinit_array.00300
                0x10007754        0x4 CMakeFiles/2PORTmonitor.dir/C_/Users/usada/.pico-sdk/sdk/2.2.0/src/rp2_common/pico_mem_ops/mem_ops_aeabi.S.obj
 .preinit_array.00350
                0x10007758        0x4 CMakeFiles/2PORTmonitor.dir/C_/Users/usada/.pico-sdk/sdk/2.2.0/src/rp2_common/pico_double/double_aeabi_rp2040.S.obj
 .preinit_array.00350
                0x1000775c        0x4 CMakeFiles/2PORTmonitor.dir/C_/Users/usada/.pico-sdk/sdk/2.2.0/src/rp2_common/pico_float/float_aeabi_rp2040.S.obj
 .preinit_array.00500
                0x10007760        0x4 CMakeFiles/2PORTmonitor.dir/C_/Users/usada/.pico-sdk/sdk/2.2.0/src/rp2_common/pico_runtime_init/runtime_init.c.obj
                0x10007760                __pre_init_runtime_init_clocks
 .preinit_array.00600
                0x10007764        0x4 CMakeFiles/2PORTmonitor.dir/C_/Users/usada/.pico-sdk/sdk/2.2.0/src/rp2_common/pico_runtime_init/runtime_init.c.obj
                0x10007764                __pre_init_runtime_init_post_clock_resets
 .preinit_array.00700
                0x10007768        0x4 CMakeFiles/2PORTmonitor.dir/C_/Users/usada/.pico-sdk/sdk/2.2.0/src/rp2_common/pico_runtime_init/runtime_init.c.obj
                0x10007768                __pre_init_runtime_init_rp2040_gpio_ie_disable
 .preinit_array.01000
                0x1000776c        0x4 CMakeFiles/2PORTmonitor.dir/C_/Users/usada/.pico-sdk/sdk/2.2.0/src/rp2_common/pico_runtime_init/runtime_init.c.obj
                0x1000776c                __pre_init_runtime_init_spin_locks_reset
 .preinit_array.01100
                0x10007770        0x4 CMakeFiles/2PORTmonitor.dir/C_/Users/usada/.pico-sdk/sdk/2.2.0/src/common/pico_sync/mutex.c.obj
                0x10007770                __pre_init_runtime_init_mutex
 .preinit_array.10080
                0x10007774        0x4 CMakeFiles/2PORTmonitor.dir/C_/Users/usada/.pico-sdk/sdk/2.2.0/src/rp2_common/pico_runtime_init/runtime_init.c.obj
                0x10007774                __pre_init_runtime_init_install_ram_vector_table
 .preinit_array.11000
                0x10007778        0x4 CMakeFiles/2PORTmonitor.dir/C_/Users/usada/.pico-sdk/sdk/2.2.0/src/common/pico_time/time.c.obj
                0x10007778                __pre_init_runtime_init_default_alarm_pool
 .preinit_array.YYYYY
                0x1000777c        0x4 CMakeFiles/2PORTmonitor.dir/C_/Users/usada/.pico-sdk/sdk/2.2.0/src/rp2_common/pico_runtime/runtime.c.obj
                0x1000777c                __pre_init_first_per_core_initializer
 .preinit_array.ZZZZZ.01200
                0x10007780        0x4 CMakeFiles/2PORTmonitor.dir/C_/Users/usada/.pico-sdk/sdk/2.2.0/src/rp2_common/hardware_irq/irq.c.obj
                0x10007780                __pre_init_runtime_init_per_core_irq_priorities
 *(.preinit_array)
                0x10007784                        PROVIDE (__preinit_array_end = .)
                0x10007784                        . = ALIGN (0x4)
                0x10007784                        PROVIDE (__init_array_start = .)
 *(SORT_BY_NAME(.init_array.*))
 .init_array.01000
                0x10007784        0x4 CMakeFiles/2PORTmonitor.dir/C_/Users/usada/.pico-sdk/sdk/2.2.0/src/rp2_common/pico_unique_id/unique_id.c.obj
 *(.init_array)
 .init_array    0x10007788        0x4 C:/Users/usada/.pico-sdk/toolchain/14_2_Rel1/bin/../lib/gcc/arm-none-eabi/14.2.1/thumb/v6-m/nofp/crtbegin.o
                0x1000778c                        PROVIDE (__init_array_end = .)
                0x1000778c                        . = ALIGN (0x4)
                [!provide]                        PROVIDE (__fini_array_start = .)
 *(SORT_BY_NAME(.fini_array.*))
 *(.fini_array)
                [!provide]                        PROVIDE (__fini_array_end = .)
 *(.eh_frame*)
 .eh_frame      0x1000778c        0x0 C:/Users/usada/.pico-sdk/toolchain/14_2_Rel1/bin/../lib/gcc/arm-none-eabi/14.2.1/thumb/v6-m/nofp/crtbegin.o
                0x1000778c                        . = ALIGN (0x4)

.glue_7         0x1000778c        0x0
 .glue_7        0x1000778c        0x0 linker stubs

.glue_7t        0x1000778c        0x0
 .glue_7t       0x1000778c        0x0 linker stubs

.vfp11_veneer   0x1000778c        0x0
 .vfp11_veneer  0x1000778c        0x0 linker stubs

.v4_bx          0x1000778c        0x0
 .v4_bx         0x1000778c        0x0 linker stubs

.iplt           0x1000778c        0x0
 .iplt          0x1000778c        0x0 C:/Users/usada/.pico-sdk/toolchain/14_2_Rel1/bin/../lib/gcc/arm-none-eabi/14.2.1/thumb/v6-m/nofp/crtbegin.o

.rodata         0x10007790      0x80c
 *(EXCLUDE_FILE(*libm.a: *libc.a:*lib_a-mem*.o *libgcc.a:) .rodata*)
 .rodata.transConsoleFiFo.str1.4
                0x10007790      0x358 CMakeFiles/2PORTmonitor.dir/2PortMonitor.c.obj
                                  0xf (size before relaxing)
 .rodata.measure_freqs.str1.4
                0x10007ae8       0x9e CMakeFiles/2PORTmonitor.dir/2PortMonitor.c.obj
 .rodata.main.str1.4
                0x10007ae8      0x139 CMakeFiles/2PORTmonitor.dir/2PortMonitor.c.obj
 .rodata.ws2812_program
                0x10007ae8        0x8 CMakeFiles/2PORTmonitor.dir/2PortMonitor.c.obj
 .rodata.ws2812_program_instructions
                0x10007af0        0x8 CMakeFiles/2PORTmonitor.dir/2PortMonitor.c.obj
 .rodata.panic.str1.4
                0x10007af8       0x12 CMakeFiles/2PORTmonitor.dir/C_/Users/usada/.pico-sdk/sdk/2.2.0/src/rp2_common/pico_platform_panic/panic.c.obj
 .rodata.spin_lock_claim_unused.str1.4
                0x10007af8       0x1b CMakeFiles/2PORTmonitor.dir/C_/Users/usada/.pico-sdk/sdk/2.2.0/src/rp2_common/hardware_sync/sync.c.obj
 .rodata.user_irq_claim_unused.str1.4
                0x10007af8       0x1b CMakeFiles/2PORTmonitor.dir/C_/Users/usada/.pico-sdk/sdk/2.2.0/src/rp2_common/hardware_irq/irq.c.obj
 .rodata.timer_hardware_alarm_claim.str1.4
                0x10007af8       0x22 CMakeFiles/2PORTmonitor.dir/C_/Users/usada/.pico-sdk/sdk/2.2.0/src/rp2_common/hardware_timer/timer.c.obj
 .rodata.hard_assertion_failure.str1.4
                0x10007af8        0xc CMakeFiles/2PORTmonitor.dir/C_/Users/usada/.pico-sdk/sdk/2.2.0/src/rp2_common/pico_runtime/runtime.c.obj
 .rodata.str1.4
                0x10007af8       0x44 CMakeFiles/2PORTmonitor.dir/C_/Users/usada/.pico-sdk/sdk/2.2.0/src/rp2_common/pico_standard_binary_info/standard_binary_info.c.obj
 .rodata.__bi_84
                0x10007af8        0xc CMakeFiles/2PORTmonitor.dir/C_/Users/usada/.pico-sdk/sdk/2.2.0/src/rp2_common/pico_standard_binary_info/standard_binary_info.c.obj
 .rodata.__bi_78
                0x10007b04        0xc CMakeFiles/2PORTmonitor.dir/C_/Users/usada/.pico-sdk/sdk/2.2.0/src/rp2_common/pico_standard_binary_info/standard_binary_info.c.obj
 .rodata.__bi_54
                0x10007b10        0xc CMakeFiles/2PORTmonitor.dir/C_/Users/usada/.pico-sdk/sdk/2.2.0/src/rp2_common/pico_standard_binary_info/standard_binary_info.c.obj
 .rodata.__bi_48
                0x10007b1c        0xc CMakeFiles/2PORTmonitor.dir/C_/Users/usada/.pico-sdk/sdk/2.2.0/src/rp2_common/pico_standard_binary_info/standard_binary_info.c.obj
 .rodata.__bi_42
                0x10007b28        0xc CMakeFiles/2PORTmonitor.dir/C_/Users/usada/.pico-sdk/sdk/2.2.0/src/rp2_common/pico_standard_binary_info/standard_binary_info.c.obj
 .rodata.__bi_34
                0x10007b34        0xc CMakeFiles/2PORTmonitor.dir/C_/Users/usada/.pico-sdk/sdk/2.2.0/src/rp2_common/pico_standard_binary_info/standard_binary_info.c.obj
 .rodata.__bi_26
                0x10007b40        0xc CMakeFiles/2PORTmonitor.dir/C_/Users/usada/.pico-sdk/sdk/2.2.0/src/rp2_common/pico_standard_binary_info/standard_binary_info.c.obj
 .rodata._ftoa.str1.4
                0x10007b4c       0x15 CMakeFiles/2PORTmonitor.dir/C_/Users/usada/.pico-sdk/sdk/2.2.0/src/rp2_common/pico_printf/printf.c.obj
 .rodata._vsnprintf
                0x10007b4c      0x19c CMakeFiles/2PORTmonitor.dir/C_/Users/usada/.pico-sdk/sdk/2.2.0/src/rp2_common/pico_printf/printf.c.obj
 .rodata.pow10.0
                0x10007ce8       0x50 CMakeFiles/2PORTmonitor.dir/C_/Users/usada/.pico-sdk/sdk/2.2.0/src/rp2_common/pico_printf/printf.c.obj
 .rodata.crlf_str.0
                0x10007d38        0x2 CMakeFiles/2PORTmonitor.dir/C_/Users/usada/.pico-sdk/sdk/2.2.0/src/rp2_common/pico_stdio/stdio.c.obj
 *fill*         0x10007d3a        0x2 
 .rodata._resetd_driver
                0x10007d3c       0x20 CMakeFiles/2PORTmonitor.dir/C_/Users/usada/.pico-sdk/sdk/2.2.0/src/rp2_common/pico_stdio_usb/reset_interface.c.obj
 .rodata.desc_ms_os_20
                0x10007d5c       0xa6 CMakeFiles/2PORTmonitor.dir/C_/Users/usada/.pico-sdk/sdk/2.2.0/src/rp2_common/pico_stdio_usb/reset_interface.c.obj
 *fill*         0x10007e02        0x2 
 .rodata.desc_bos
                0x10007e04       0x21 CMakeFiles/2PORTmonitor.dir/C_/Users/usada/.pico-sdk/sdk/2.2.0/src/rp2_common/pico_stdio_usb/reset_interface.c.obj
                0x10007e04                desc_bos
 .rodata.str1.4
                0x10007e25       0x13 CMakeFiles/2PORTmonitor.dir/C_/Users/usada/.pico-sdk/sdk/2.2.0/src/rp2_common/pico_stdio_usb/stdio_usb.c.obj
 *fill*         0x10007e25        0x3 
 .rodata.__bi_202.0
                0x10007e28        0xc CMakeFiles/2PORTmonitor.dir/C_/Users/usada/.pico-sdk/sdk/2.2.0/src/rp2_common/pico_stdio_usb/stdio_usb.c.obj
 .rodata.str1.4
                0x10007e34       0x2a CMakeFiles/2PORTmonitor.dir/C_/Users/usada/.pico-sdk/sdk/2.2.0/src/rp2_common/pico_stdio_usb/stdio_usb_descriptors.c.obj
 .rodata.usbd_desc_str
                0x10007e34       0x18 CMakeFiles/2PORTmonitor.dir/C_/Users/usada/.pico-sdk/sdk/2.2.0/src/rp2_common/pico_stdio_usb/stdio_usb_descriptors.c.obj
 .rodata.usbd_desc_cfg
                0x10007e4c       0x54 CMakeFiles/2PORTmonitor.dir/C_/Users/usada/.pico-sdk/sdk/2.2.0/src/rp2_common/pico_stdio_usb/stdio_usb_descriptors.c.obj
 .rodata.usbd_desc_device
                0x10007ea0       0x12 CMakeFiles/2PORTmonitor.dir/C_/Users/usada/.pico-sdk/sdk/2.2.0/src/rp2_common/pico_stdio_usb/stdio_usb_descriptors.c.obj
 .rodata.str1.4
                0x10007eb2       0x14 CMakeFiles/2PORTmonitor.dir/C_/Users/usada/.pico-sdk/sdk/2.2.0/lib/tinyusb/src/portable/raspberrypi/rp2040/dcd_rp2040.c.obj
 .rodata.str1.4
                0x10007eb2       0x48 CMakeFiles/2PORTmonitor.dir/C_/Users/usada/.pico-sdk/sdk/2.2.0/lib/tinyusb/src/portable/raspberrypi/rp2040/rp2040_usb.c.obj
 *fill*         0x10007eb2        0x2 
 .rodata.tud_task_ext
                0x10007eb4       0x8c CMakeFiles/2PORTmonitor.dir/C_/Users/usada/.pico-sdk/sdk/2.2.0/lib/tinyusb/src/device/usbd.c.obj
 .rodata        0x10007f40       0x1c CMakeFiles/2PORTmonitor.dir/C_/Users/usada/.pico-sdk/sdk/2.2.0/lib/tinyusb/src/device/usbd.c.obj
 .rodata._usbd_driver
                0x10007f5c       0x40 CMakeFiles/2PORTmonitor.dir/C_/Users/usada/.pico-sdk/sdk/2.2.0/lib/tinyusb/src/device/usbd.c.obj
                0x10007f9c                        . = ALIGN (0x4)
 *(SORT_BY_ALIGNMENT(SORT_BY_NAME(.flashdata*)))
                0x10007f9c                        . = ALIGN (0x4)

.ARM.extab
 *(.ARM.extab* .gnu.linkonce.armextab.*)
                0x10007f9c                        __exidx_start = .

.ARM.exidx
 *(.ARM.exidx* .gnu.linkonce.armexidx.*)
                0x10007f9c                        __exidx_end = .
                0x10007f9c                        . = ALIGN (0x4)
                0x10007f9c                        __binary_info_start = .

.binary_info    0x10007f9c       0x20
 *(.binary_info.keep.*)
 .binary_info.keep.__bi_ptr84
                0x10007f9c        0x4 CMakeFiles/2PORTmonitor.dir/C_/Users/usada/.pico-sdk/sdk/2.2.0/src/rp2_common/pico_standard_binary_info/standard_binary_info.c.obj
 .binary_info.keep.__bi_ptr78
                0x10007fa0        0x4 CMakeFiles/2PORTmonitor.dir/C_/Users/usada/.pico-sdk/sdk/2.2.0/src/rp2_common/pico_standard_binary_info/standard_binary_info.c.obj
 .binary_info.keep.__bi_ptr54
                0x10007fa4        0x4 CMakeFiles/2PORTmonitor.dir/C_/Users/usada/.pico-sdk/sdk/2.2.0/src/rp2_common/pico_standard_binary_info/standard_binary_info.c.obj
 .binary_info.keep.__bi_ptr48
                0x10007fa8        0x4 CMakeFiles/2PORTmonitor.dir/C_/Users/usada/.pico-sdk/sdk/2.2.0/src/rp2_common/pico_standard_binary_info/standard_binary_info.c.obj
 .binary_info.keep.__bi_ptr42
                0x10007fac        0x4 CMakeFiles/2PORTmonitor.dir/C_/Users/usada/.pico-sdk/sdk/2.2.0/src/rp2_common/pico_standard_binary_info/standard_binary_info.c.obj
 .binary_info.keep.__bi_ptr34
                0x10007fb0        0x4 CMakeFiles/2PORTmonitor.dir/C_/Users/usada/.pico-sdk/sdk/2.2.0/src/rp2_common/pico_standard_binary_info/standard_binary_info.c.obj
 .binary_info.keep.__bi_ptr26
                0x10007fb4        0x4 CMakeFiles/2PORTmonitor.dir/C_/Users/usada/.pico-sdk/sdk/2.2.0/src/rp2_common/pico_standard_binary_info/standard_binary_info.c.obj
 *(.binary_info.*)
 .binary_info.__bi_ptr202
                0x10007fb8        0x4 CMakeFiles/2PORTmonitor.dir/C_/Users/usada/.pico-sdk/sdk/2.2.0/src/rp2_common/pico_stdio_usb/stdio_usb.c.obj
                0x10007fbc                        __binary_info_end = .
                0x10007fbc                        . = ALIGN (0x4)

.ram_vector_table
                0x20000000       0xc0
 *(.ram_vector_table)
 .ram_vector_table
                0x20000000       0xc0 CMakeFiles/2PORTmonitor.dir/C_/Users/usada/.pico-sdk/sdk/2.2.0/src/rp2_common/pico_runtime_init/runtime_init.c.obj
                0x20000000                ram_vector_table

.uninitialized_data
                0x200000c0        0x0
                0x200000c0                        . = ALIGN (0x4)
 *(.uninitialized_data*)

.data           0x200000c0     0x1050 load address 0x10007fbc
                0x200000c0                        __data_start__ = .
 *(vtable)
 *(.time_critical*)
 .time_critical.get_bootsel_button
                0x200000c0       0x64 CMakeFiles/2PORTmonitor.dir/2PortMonitor.c.obj
                0x200000c0                get_bootsel_button
 .time_critical.mutex_try_enter
                0x20000124       0x40 CMakeFiles/2PORTmonitor.dir/C_/Users/usada/.pico-sdk/sdk/2.2.0/src/common/pico_sync/mutex.c.obj
                0x20000124                mutex_try_enter
 .time_critical.mutex_try_enter_block_until
                0x20000164       0x98 CMakeFiles/2PORTmonitor.dir/C_/Users/usada/.pico-sdk/sdk/2.2.0/src/common/pico_sync/mutex.c.obj
                0x20000164                mutex_try_enter_block_until
 .time_critical.mutex_enter_timeout_ms
                0x200001fc       0x8c CMakeFiles/2PORTmonitor.dir/C_/Users/usada/.pico-sdk/sdk/2.2.0/src/common/pico_sync/mutex.c.obj
                0x200001fc                mutex_enter_timeout_ms
 .time_critical.mutex_exit
                0x20000288       0x28 CMakeFiles/2PORTmonitor.dir/C_/Users/usada/.pico-sdk/sdk/2.2.0/src/common/pico_sync/mutex.c.obj
                0x20000288                mutex_exit
 .time_critical.flash_init_boot2_copyout
                0x200002b0       0x30 CMakeFiles/2PORTmonitor.dir/C_/Users/usada/.pico-sdk/sdk/2.2.0/src/rp2_common/hardware_flash/flash.c.obj
 .time_critical.flash_enable_xip_via_boot2
                0x200002e0        0xc CMakeFiles/2PORTmonitor.dir/C_/Users/usada/.pico-sdk/sdk/2.2.0/src/rp2_common/hardware_flash/flash.c.obj
 .time_critical.flash_save_hardware_state
                0x200002ec       0x20 CMakeFiles/2PORTmonitor.dir/C_/Users/usada/.pico-sdk/sdk/2.2.0/src/rp2_common/hardware_flash/flash.c.obj
 .time_critical.flash_restore_hardware_state
                0x2000030c       0x20 CMakeFiles/2PORTmonitor.dir/C_/Users/usada/.pico-sdk/sdk/2.2.0/src/rp2_common/hardware_flash/flash.c.obj
 .time_critical.flash_cs_force
                0x2000032c       0x38 CMakeFiles/2PORTmonitor.dir/C_/Users/usada/.pico-sdk/sdk/2.2.0/src/rp2_common/hardware_flash/flash.c.obj
 .time_critical.flash_do_cmd
                0x20000364      0x13c CMakeFiles/2PORTmonitor.dir/C_/Users/usada/.pico-sdk/sdk/2.2.0/src/rp2_common/hardware_flash/flash.c.obj
                0x20000364                flash_do_cmd
 .time_critical.reset_non_control_endpoints
                0x200004a0       0x68 CMakeFiles/2PORTmonitor.dir/C_/Users/usada/.pico-sdk/sdk/2.2.0/lib/tinyusb/src/portable/raspberrypi/rp2040/dcd_rp2040.c.obj
 .time_critical.hw_handle_buff_status
                0x20000508       0xa0 CMakeFiles/2PORTmonitor.dir/C_/Users/usada/.pico-sdk/sdk/2.2.0/lib/tinyusb/src/portable/raspberrypi/rp2040/dcd_rp2040.c.obj
 .time_critical.dcd_rp2040_irq
                0x200005a8      0x548 CMakeFiles/2PORTmonitor.dir/C_/Users/usada/.pico-sdk/sdk/2.2.0/lib/tinyusb/src/portable/raspberrypi/rp2040/dcd_rp2040.c.obj
 .time_critical.prepare_ep_buffer
                0x20000af0       0xc8 CMakeFiles/2PORTmonitor.dir/C_/Users/usada/.pico-sdk/sdk/2.2.0/lib/tinyusb/src/portable/raspberrypi/rp2040/rp2040_usb.c.obj
 .time_critical.sync_ep_buffer
                0x20000bb8       0x9c CMakeFiles/2PORTmonitor.dir/C_/Users/usada/.pico-sdk/sdk/2.2.0/lib/tinyusb/src/portable/raspberrypi/rp2040/rp2040_usb.c.obj
 .time_critical._hw_endpoint_xfer_sync
                0x20000c54       0x28 CMakeFiles/2PORTmonitor.dir/C_/Users/usada/.pico-sdk/sdk/2.2.0/lib/tinyusb/src/portable/raspberrypi/rp2040/rp2040_usb.c.obj
 .time_critical.e15_is_bulkin_ep
                0x20000c7c       0x28 CMakeFiles/2PORTmonitor.dir/C_/Users/usada/.pico-sdk/sdk/2.2.0/lib/tinyusb/src/portable/raspberrypi/rp2040/rp2040_usb.c.obj
 .time_critical.e15_is_critical_frame_period
                0x20000ca4       0x34 CMakeFiles/2PORTmonitor.dir/C_/Users/usada/.pico-sdk/sdk/2.2.0/lib/tinyusb/src/portable/raspberrypi/rp2040/rp2040_usb.c.obj
 .time_critical.hw_endpoint_reset_transfer
                0x20000cd8        0xc CMakeFiles/2PORTmonitor.dir/C_/Users/usada/.pico-sdk/sdk/2.2.0/lib/tinyusb/src/portable/raspberrypi/rp2040/rp2040_usb.c.obj
                0x20000cd8                hw_endpoint_reset_transfer
 .time_critical._hw_endpoint_buffer_control_update32
                0x20000ce4       0x50 CMakeFiles/2PORTmonitor.dir/C_/Users/usada/.pico-sdk/sdk/2.2.0/lib/tinyusb/src/portable/raspberrypi/rp2040/rp2040_usb.c.obj
                0x20000ce4                _hw_endpoint_buffer_control_update32
 .time_critical.hw_endpoint_start_next_buffer
                0x20000d34       0x68 CMakeFiles/2PORTmonitor.dir/C_/Users/usada/.pico-sdk/sdk/2.2.0/lib/tinyusb/src/portable/raspberrypi/rp2040/rp2040_usb.c.obj
                0x20000d34                hw_endpoint_start_next_buffer
 .time_critical.hw_endpoint_xfer_continue
                0x20000d9c       0x40 CMakeFiles/2PORTmonitor.dir/C_/Users/usada/.pico-sdk/sdk/2.2.0/lib/tinyusb/src/portable/raspberrypi/rp2040/rp2040_usb.c.obj
                0x20000d9c                hw_endpoint_xfer_continue
 .time_critical.tinyusb
                0x20000ddc      0x1e4 CMakeFiles/2PORTmonitor.dir/C_/Users/usada/.pico-sdk/sdk/2.2.0/lib/tinyusb/src/device/usbd.c.obj
                0x20000ddc                dcd_event_handler
 *(.text*)
 .text          0x20000fc0        0x4 C:/Users/usada/.pico-sdk/toolchain/14_2_Rel1/bin/../lib/gcc/arm-none-eabi/14.2.1/thumb/v6-m/nofp\libgcc.a(_dvmd_tls.o)
                0x20000fc0                __aeabi_idiv0
                0x20000fc0                __aeabi_ldiv0
 *fill*         0x20000fc4        0x4 
 .text.__stub   0x20000fc8       0x80 linker stubs
                0x20001048                        . = ALIGN (0x4)
 *(.rodata*)
                0x20001048                        . = ALIGN (0x4)
 *(.data*)
 .data.striped_spin_lock_num
                0x20001048        0x1 CMakeFiles/2PORTmonitor.dir/C_/Users/usada/.pico-sdk/sdk/2.2.0/src/rp2_common/hardware_sync/sync.c.obj
 *fill*         0x20001049        0x3 
 .data          0x2000104c       0x48 CMakeFiles/2PORTmonitor.dir/C_/Users/usada/.pico-sdk/sdk/2.2.0/src/rp2_common/hardware_irq/irq_handler_chain.S.obj
                0x2000104c                irq_handler_chain_slots
                0x2000107c                irq_handler_chain_first_slot
                0x20001086                irq_handler_chain_remove_tail
 .data.default_alarm_pool
                0x20001094       0x18 CMakeFiles/2PORTmonitor.dir/C_/Users/usada/.pico-sdk/sdk/2.2.0/src/common/pico_time/time.c.obj
 *fill*         0x200010ac        0x4 
 .data.aeabi_bits_funcs
                0x200010b0       0x10 CMakeFiles/2PORTmonitor.dir/C_/Users/usada/.pico-sdk/sdk/2.2.0/src/rp2_common/pico_bit_ops/bit_ops_aeabi.S.obj
                0x200010b0                aeabi_bits_funcs
                0x200010c0                aeabi_bits_funcs_end
 .data.aeabi_mem_funcs
                0x200010c0       0x10 CMakeFiles/2PORTmonitor.dir/C_/Users/usada/.pico-sdk/sdk/2.2.0/src/rp2_common/pico_mem_ops/mem_ops_aeabi.S.obj
                0x200010c0                aeabi_mem_funcs
                0x200010d0                aeabi_mem_funcs_end
 .data.stdio_usb
                0x200010d0       0x18 CMakeFiles/2PORTmonitor.dir/C_/Users/usada/.pico-sdk/sdk/2.2.0/src/rp2_common/pico_stdio_usb/stdio_usb.c.obj
                0x200010d0                stdio_usb
 .data._usbd_qdef
                0x200010e8       0x1c CMakeFiles/2PORTmonitor.dir/C_/Users/usada/.pico-sdk/sdk/2.2.0/lib/tinyusb/src/device/usbd.c.obj
                0x200010e8                _usbd_qdef
 .data._usbd_rhport
                0x20001104        0x1 CMakeFiles/2PORTmonitor.dir/C_/Users/usada/.pico-sdk/sdk/2.2.0/lib/tinyusb/src/device/usbd.c.obj
                0x20001108                        . = ALIGN (0x4)
 *fill*         0x20001105        0x3 
 *(.after_data.*)
                0x20001108                        . = ALIGN (0x4)
                0x20001108                        PROVIDE (__mutex_array_start = .)
 *(SORT_BY_NAME(.mutex_array.*))
 *(.mutex_array)
 .mutex_array   0x20001108        0x8 CMakeFiles/2PORTmonitor.dir/C_/Users/usada/.pico-sdk/sdk/2.2.0/src/rp2_common/pico_stdio/stdio.c.obj
                0x20001110                        PROVIDE (__mutex_array_end = .)
                0x20001110                        . = ALIGN (0x4)
 *(.jcr)
                0x20001110                        . = ALIGN (0x4)

.tm_clone_table
                0x20001110        0x0 load address 0x1000900c
 .tm_clone_table
                0x20001110        0x0 C:/Users/usada/.pico-sdk/toolchain/14_2_Rel1/bin/../lib/gcc/arm-none-eabi/14.2.1/thumb/v6-m/nofp/crtbegin.o
 .tm_clone_table
                0x20001110        0x0 C:/Users/usada/.pico-sdk/toolchain/14_2_Rel1/bin/../lib/gcc/arm-none-eabi/14.2.1/thumb/v6-m/nofp/crtend.o

.igot.plt       0x20001110        0x0 load address 0x1000900c
 .igot.plt      0x20001110        0x0 C:/Users/usada/.pico-sdk/toolchain/14_2_Rel1/bin/../lib/gcc/arm-none-eabi/14.2.1/thumb/v6-m/nofp/crtbegin.o

.tdata          0x20001110        0x0 load address 0x1000900c
                0x20001110                        . = ALIGN (0x4)
 *(.tdata .tdata.* .gnu.linkonce.td.*)
                0x20001110                        __tdata_end = .
                0x20001110                        PROVIDE (__data_end__ = .)
                0x10007fbc                        __etext = LOADADDR (.data)

.tbss           0x20001110        0x0 load address 0x1000900c
                0x20001110                        . = ALIGN (0x4)
                0x20001110                        __bss_start__ = .
                0x20001110                        __tls_base = .
 *(.tbss .tbss.* .gnu.linkonce.tb.*)
 *(.tcommon)
                0x20001110                        __tls_end = .

.bss            0x20001110     0x1110 load address 0x1000900c
                0x20001110                        . = ALIGN (0x4)
                0x20001110                        __tbss_end = .
 *(SORT_BY_ALIGNMENT(SORT_BY_NAME(.bss*)))
 .bss.default_alarm_pool_entries
                0x20001110      0x180 CMakeFiles/2PORTmonitor.dir/C_/Users/usada/.pico-sdk/sdk/2.2.0/src/common/pico_time/time.c.obj
 .bss.last_avail_time.1
                0x20001290        0x8 CMakeFiles/2PORTmonitor.dir/C_/Users/usada/.pico-sdk/sdk/2.2.0/src/rp2_common/pico_stdio_usb/stdio_usb.c.obj
 .bss.sd_table  0x20001298      0x100 CMakeFiles/2PORTmonitor.dir/C_/Users/usada/.pico-sdk/sdk/2.2.0/src/rp2_common/pico_double/double_init_rom_rp2040.c.obj
                0x20001298                sd_table
 .bss.sf_table  0x20001398      0x100 CMakeFiles/2PORTmonitor.dir/C_/Users/usada/.pico-sdk/sdk/2.2.0/src/rp2_common/pico_float/float_init_rom_rp2040.c.obj
                0x20001398                sf_table
 .bss._app_driver
                0x20001498        0x4 CMakeFiles/2PORTmonitor.dir/C_/Users/usada/.pico-sdk/sdk/2.2.0/lib/tinyusb/src/device/usbd.c.obj
 .bss._cdcd_epbuf
                0x2000149c       0x80 CMakeFiles/2PORTmonitor.dir/C_/Users/usada/.pico-sdk/sdk/2.2.0/lib/tinyusb/src/class/cdc/cdc_device.c.obj
 .bss._cdcd_fifo_cfg
                0x2000151c        0x1 CMakeFiles/2PORTmonitor.dir/C_/Users/usada/.pico-sdk/sdk/2.2.0/lib/tinyusb/src/class/cdc/cdc_device.c.obj
 *fill*         0x2000151d        0x3 
 .bss._cdcd_itf
                0x20001520       0xc8 CMakeFiles/2PORTmonitor.dir/C_/Users/usada/.pico-sdk/sdk/2.2.0/lib/tinyusb/src/class/cdc/cdc_device.c.obj
 .bss._ctrl_epbuf
                0x200015e8       0x40 CMakeFiles/2PORTmonitor.dir/C_/Users/usada/.pico-sdk/sdk/2.2.0/lib/tinyusb/src/device/usbd_control.c.obj
 .bss._ctrl_xfer
                0x20001628       0x14 CMakeFiles/2PORTmonitor.dir/C_/Users/usada/.pico-sdk/sdk/2.2.0/lib/tinyusb/src/device/usbd_control.c.obj
 .bss._tusb_rhport_role
                0x2000163c        0x2 CMakeFiles/2PORTmonitor.dir/C_/Users/usada/.pico-sdk/sdk/2.2.0/lib/tinyusb/src/tusb.c.obj
                0x2000163c                _tusb_rhport_role
 *fill*         0x2000163e        0x2 
 .bss._ubsd_mutexdef
                0x20001640        0x8 CMakeFiles/2PORTmonitor.dir/C_/Users/usada/.pico-sdk/sdk/2.2.0/lib/tinyusb/src/device/usbd.c.obj
 .bss._usbd_dev
                0x20001648       0x54 CMakeFiles/2PORTmonitor.dir/C_/Users/usada/.pico-sdk/sdk/2.2.0/lib/tinyusb/src/device/usbd.c.obj
 .bss._usbd_mutex
                0x2000169c        0x4 CMakeFiles/2PORTmonitor.dir/C_/Users/usada/.pico-sdk/sdk/2.2.0/lib/tinyusb/src/device/usbd.c.obj
 .bss._usbd_q   0x200016a0        0x4 CMakeFiles/2PORTmonitor.dir/C_/Users/usada/.pico-sdk/sdk/2.2.0/lib/tinyusb/src/device/usbd.c.obj
 .bss._usbd_qdef_buf
                0x200016a4       0xc0 CMakeFiles/2PORTmonitor.dir/C_/Users/usada/.pico-sdk/sdk/2.2.0/lib/tinyusb/src/device/usbd.c.obj
                0x200016a4                _usbd_qdef_buf
 .bss._used_instruction_space
                0x20001764        0x8 CMakeFiles/2PORTmonitor.dir/C_/Users/usada/.pico-sdk/sdk/2.2.0/src/rp2_common/hardware_pio/pio.c.obj
 .bss._vendord_epbuf
                0x2000176c       0x80 CMakeFiles/2PORTmonitor.dir/C_/Users/usada/.pico-sdk/sdk/2.2.0/lib/tinyusb/src/class/vendor/vendor_device.c.obj
 .bss._vendord_itf
                0x200017ec      0x24c CMakeFiles/2PORTmonitor.dir/C_/Users/usada/.pico-sdk/sdk/2.2.0/lib/tinyusb/src/class/vendor/vendor_device.c.obj
 .bss.boot2_copyout
                0x20001a38      0x100 CMakeFiles/2PORTmonitor.dir/C_/Users/usada/.pico-sdk/sdk/2.2.0/src/rp2_common/hardware_flash/flash.c.obj
 .bss.buf0      0x20001b38      0x100 CMakeFiles/2PORTmonitor.dir/2PortMonitor.c.obj
 .bss.buf1      0x20001c38      0x100 CMakeFiles/2PORTmonitor.dir/2PortMonitor.c.obj
 .bss.chars_available_callback
                0x20001d38        0x4 CMakeFiles/2PORTmonitor.dir/C_/Users/usada/.pico-sdk/sdk/2.2.0/src/rp2_common/pico_stdio_usb/stdio_usb.c.obj
 .bss.chars_available_param
                0x20001d3c        0x4 CMakeFiles/2PORTmonitor.dir/C_/Users/usada/.pico-sdk/sdk/2.2.0/src/rp2_common/pico_stdio_usb/stdio_usb.c.obj
 .bss.claimed   0x20001d40        0x4 CMakeFiles/2PORTmonitor.dir/C_/Users/usada/.pico-sdk/sdk/2.2.0/src/rp2_common/hardware_sync/sync.c.obj
 .bss.claimed   0x20001d44        0x1 CMakeFiles/2PORTmonitor.dir/C_/Users/usada/.pico-sdk/sdk/2.2.0/src/rp2_common/hardware_timer/timer.c.obj
 *fill*         0x20001d45        0x3 
 .bss.configured_freq
                0x20001d48       0x28 CMakeFiles/2PORTmonitor.dir/C_/Users/usada/.pico-sdk/sdk/2.2.0/src/rp2_common/hardware_clocks/clocks.c.obj
 .bss.desc_str.0
                0x20001d70       0x28 CMakeFiles/2PORTmonitor.dir/C_/Users/usada/.pico-sdk/sdk/2.2.0/src/rp2_common/pico_stdio_usb/stdio_usb_descriptors.c.obj
 .bss.drivers   0x20001d98        0x4 CMakeFiles/2PORTmonitor.dir/C_/Users/usada/.pico-sdk/sdk/2.2.0/src/rp2_common/pico_stdio/stdio.c.obj
 .bss.e15_last_sof
                0x20001d9c        0x4 CMakeFiles/2PORTmonitor.dir/C_/Users/usada/.pico-sdk/sdk/2.2.0/lib/tinyusb/src/portable/raspberrypi/rp2040/rp2040_usb.c.obj
                0x20001d9c                e15_last_sof
 .bss.filter    0x20001da0        0x4 CMakeFiles/2PORTmonitor.dir/C_/Users/usada/.pico-sdk/sdk/2.2.0/src/rp2_common/pico_stdio/stdio.c.obj
 .bss.hw_endpoints
                0x20001da4      0x400 CMakeFiles/2PORTmonitor.dir/C_/Users/usada/.pico-sdk/sdk/2.2.0/lib/tinyusb/src/portable/raspberrypi/rp2040/dcd_rp2040.c.obj
 .bss.lazy_vsnprintf
                0x200021a4        0x4 CMakeFiles/2PORTmonitor.dir/C_/Users/usada/.pico-sdk/sdk/2.2.0/src/rp2_common/pico_printf/printf.c.obj
 .bss.load_value
                0x200021a8        0x4 CMakeFiles/2PORTmonitor.dir/C_/Users/usada/.pico-sdk/sdk/2.2.0/src/rp2_common/hardware_watchdog/watchdog.c.obj
 .bss.next_buffer_ptr
                0x200021ac        0x4 CMakeFiles/2PORTmonitor.dir/C_/Users/usada/.pico-sdk/sdk/2.2.0/lib/tinyusb/src/portable/raspberrypi/rp2040/dcd_rp2040.c.obj
 .bss.object.0  0x200021b0       0x18 C:/Users/usada/.pico-sdk/toolchain/14_2_Rel1/bin/../lib/gcc/arm-none-eabi/14.2.1/thumb/v6-m/nofp/crtbegin.o
 .bss.one_shot_timer_crit_sec
                0x200021c8        0x8 CMakeFiles/2PORTmonitor.dir/C_/Users/usada/.pico-sdk/sdk/2.2.0/src/rp2_common/pico_stdio_usb/stdio_usb.c.obj
 .bss.pools     0x200021d0       0x10 CMakeFiles/2PORTmonitor.dir/C_/Users/usada/.pico-sdk/sdk/2.2.0/src/common/pico_time/time.c.obj
 .bss.retrieved_id
                0x200021e0        0x8 CMakeFiles/2PORTmonitor.dir/C_/Users/usada/.pico-sdk/sdk/2.2.0/src/rp2_common/pico_unique_id/unique_id.c.obj
 .bss.sf_clz_func
                0x200021e8        0x4 CMakeFiles/2PORTmonitor.dir/C_/Users/usada/.pico-sdk/sdk/2.2.0/src/rp2_common/pico_double/double_init_rom_rp2040.c.obj
                0x200021e8                sf_clz_func
 .bss.sleep_notifier
                0x200021ec        0x4 CMakeFiles/2PORTmonitor.dir/C_/Users/usada/.pico-sdk/sdk/2.2.0/src/common/pico_time/time.c.obj
 .bss.stdio_usb_mutex
                0x200021f0        0x8 CMakeFiles/2PORTmonitor.dir/C_/Users/usada/.pico-sdk/sdk/2.2.0/src/rp2_common/pico_stdio_usb/stdio_usb.c.obj
 .bss.uart_char_to_line_feed
                0x200021f8        0x4 CMakeFiles/2PORTmonitor.dir/C_/Users/usada/.pico-sdk/sdk/2.2.0/src/rp2_common/hardware_uart/uart.c.obj
                0x200021f8                uart_char_to_line_feed
 .bss.usbd_serial_str
                0x200021fc       0x11 CMakeFiles/2PORTmonitor.dir/C_/Users/usada/.pico-sdk/sdk/2.2.0/src/rp2_common/pico_stdio_usb/stdio_usb_descriptors.c.obj
 *fill*         0x2000220d        0x1 
 .bss.lvl.0     0x2000220e        0x2 CMakeFiles/2PORTmonitor.dir/2PortMonitor.c.obj
 .bss._app_driver_count
                0x20002210        0x1 CMakeFiles/2PORTmonitor.dir/C_/Users/usada/.pico-sdk/sdk/2.2.0/lib/tinyusb/src/device/usbd.c.obj
 .bss._sof_enable
                0x20002211        0x1 CMakeFiles/2PORTmonitor.dir/C_/Users/usada/.pico-sdk/sdk/2.2.0/lib/tinyusb/src/portable/raspberrypi/rp2040/dcd_rp2040.c.obj
 .bss._usbd_queued_setup
                0x20002212        0x1 CMakeFiles/2PORTmonitor.dir/C_/Users/usada/.pico-sdk/sdk/2.2.0/lib/tinyusb/src/device/usbd.c.obj
 .bss.boot2_copyout_valid
                0x20002213        0x1 CMakeFiles/2PORTmonitor.dir/C_/Users/usada/.pico-sdk/sdk/2.2.0/src/rp2_common/hardware_flash/flash.c.obj
 .bss.irq_handler_chain_free_slot_head
                0x20002214        0x1 CMakeFiles/2PORTmonitor.dir/C_/Users/usada/.pico-sdk/sdk/2.2.0/src/rp2_common/hardware_irq/irq.c.obj
 .bss.itf_num   0x20002215        0x1 CMakeFiles/2PORTmonitor.dir/C_/Users/usada/.pico-sdk/sdk/2.2.0/src/rp2_common/pico_stdio_usb/reset_interface.c.obj
 .bss.low_priority_irq_num
                0x20002216        0x1 CMakeFiles/2PORTmonitor.dir/C_/Users/usada/.pico-sdk/sdk/2.2.0/src/rp2_common/pico_stdio_usb/stdio_usb.c.obj
 .bss.one_shot_timer_pending
                0x20002217        0x1 CMakeFiles/2PORTmonitor.dir/C_/Users/usada/.pico-sdk/sdk/2.2.0/src/rp2_common/pico_stdio_usb/stdio_usb.c.obj
 .bss.rp0       0x20002218        0x1 CMakeFiles/2PORTmonitor.dir/2PortMonitor.c.obj
 .bss.rp1       0x20002219        0x1 CMakeFiles/2PORTmonitor.dir/2PortMonitor.c.obj
 .bss.user_irq_claimed
                0x2000221a        0x1 CMakeFiles/2PORTmonitor.dir/C_/Users/usada/.pico-sdk/sdk/2.2.0/src/rp2_common/hardware_irq/irq.c.obj
 .bss.wp0       0x2000221b        0x1 CMakeFiles/2PORTmonitor.dir/2PortMonitor.c.obj
 .bss.wp1       0x2000221c        0x1 CMakeFiles/2PORTmonitor.dir/2PortMonitor.c.obj
 *(COMMON)
                0x20002220                        . = ALIGN (0x4)
 *fill*         0x2000221d        0x3 
                0x20002220                        __bss_end__ = .

.heap           0x20002220      0x800 load address 0x1000900c
                0x20002220                        __end__ = .
                0x20002220                        end = __end__
 *(.heap*)
 .heap          0x20002220      0x800 CMakeFiles/2PORTmonitor.dir/C_/Users/usada/.pico-sdk/sdk/2.2.0/src/rp2_common/pico_crt0/crt0.S.obj
                0x20040000                        __HeapLimit = (ORIGIN (RAM) + LENGTH (RAM))

.scratch_x      0x20040000        0x0 load address 0x1000900c
                0x20040000                        __scratch_x_start__ = .
 *(.scratch_x.*)
                0x20040000                        . = ALIGN (0x4)
                0x20040000                        __scratch_x_end__ = .
                0x1000900c                        __scratch_x_source__ = LOADADDR (.scratch_x)

.scratch_y      0x20041000        0x0 load address 0x1000900c
                0x20041000                        __scratch_y_start__ = .
 *(.scratch_y.*)
                0x20041000                        . = ALIGN (0x4)
                0x20041000                        __scratch_y_end__ = .
                0x1000900c                        __scratch_y_source__ = LOADADDR (.scratch_y)

.stack1_dummy
 *(.stack1*)

.stack_dummy    0x20041000      0x800
 *(.stack*)
 .stack         0x20041000      0x800 CMakeFiles/2PORTmonitor.dir/C_/Users/usada/.pico-sdk/sdk/2.2.0/src/rp2_common/pico_crt0/crt0.S.obj

.rel.dyn        0x20041800        0x0